Archive member included to satisfy reference by file (symbol)

d:/programs/programming/stm32cube/stm32cubeide_1.10.1/stm32cubeide/plugins/com.st.stm32cube.ide.mcu.externaltools.gnu-tools-for-stm32.10.3-2021.10.win32_1.0.0.202111181127/tools/bin/../lib/gcc/arm-none-eabi/10.3.1/../../../../arm-none-eabi/lib/thumb/v6-m/nofp\libc_nano.a(lib_a-errno.o)
                              ./Core/Src/syscalls.o (__errno)
d:/programs/programming/stm32cube/stm32cubeide_1.10.1/stm32cubeide/plugins/com.st.stm32cube.ide.mcu.externaltools.gnu-tools-for-stm32.10.3-2021.10.win32_1.0.0.202111181127/tools/bin/../lib/gcc/arm-none-eabi/10.3.1/../../../../arm-none-eabi/lib/thumb/v6-m/nofp\libc_nano.a(lib_a-exit.o)
                              d:/programs/programming/stm32cube/stm32cubeide_1.10.1/stm32cubeide/plugins/com.st.stm32cube.ide.mcu.externaltools.gnu-tools-for-stm32.10.3-2021.10.win32_1.0.0.202111181127/tools/bin/../lib/gcc/arm-none-eabi/10.3.1/../../../../arm-none-eabi/lib/thumb/v6-m/nofp/crt0.o (exit)
d:/programs/programming/stm32cube/stm32cubeide_1.10.1/stm32cubeide/plugins/com.st.stm32cube.ide.mcu.externaltools.gnu-tools-for-stm32.10.3-2021.10.win32_1.0.0.202111181127/tools/bin/../lib/gcc/arm-none-eabi/10.3.1/../../../../arm-none-eabi/lib/thumb/v6-m/nofp\libc_nano.a(lib_a-impure.o)
                              d:/programs/programming/stm32cube/stm32cubeide_1.10.1/stm32cubeide/plugins/com.st.stm32cube.ide.mcu.externaltools.gnu-tools-for-stm32.10.3-2021.10.win32_1.0.0.202111181127/tools/bin/../lib/gcc/arm-none-eabi/10.3.1/../../../../arm-none-eabi/lib/thumb/v6-m/nofp\libc_nano.a(lib_a-exit.o) (_global_impure_ptr)
d:/programs/programming/stm32cube/stm32cubeide_1.10.1/stm32cubeide/plugins/com.st.stm32cube.ide.mcu.externaltools.gnu-tools-for-stm32.10.3-2021.10.win32_1.0.0.202111181127/tools/bin/../lib/gcc/arm-none-eabi/10.3.1/../../../../arm-none-eabi/lib/thumb/v6-m/nofp\libc_nano.a(lib_a-init.o)
                              d:/programs/programming/stm32cube/stm32cubeide_1.10.1/stm32cubeide/plugins/com.st.stm32cube.ide.mcu.externaltools.gnu-tools-for-stm32.10.3-2021.10.win32_1.0.0.202111181127/tools/bin/../lib/gcc/arm-none-eabi/10.3.1/../../../../arm-none-eabi/lib/thumb/v6-m/nofp/crt0.o (__libc_init_array)
d:/programs/programming/stm32cube/stm32cubeide_1.10.1/stm32cubeide/plugins/com.st.stm32cube.ide.mcu.externaltools.gnu-tools-for-stm32.10.3-2021.10.win32_1.0.0.202111181127/tools/bin/../lib/gcc/arm-none-eabi/10.3.1/../../../../arm-none-eabi/lib/thumb/v6-m/nofp\libc_nano.a(lib_a-memset.o)
                              d:/programs/programming/stm32cube/stm32cubeide_1.10.1/stm32cubeide/plugins/com.st.stm32cube.ide.mcu.externaltools.gnu-tools-for-stm32.10.3-2021.10.win32_1.0.0.202111181127/tools/bin/../lib/gcc/arm-none-eabi/10.3.1/../../../../arm-none-eabi/lib/thumb/v6-m/nofp/crt0.o (memset)
d:/programs/programming/stm32cube/stm32cubeide_1.10.1/stm32cubeide/plugins/com.st.stm32cube.ide.mcu.externaltools.gnu-tools-for-stm32.10.3-2021.10.win32_1.0.0.202111181127/tools/bin/../lib/gcc/arm-none-eabi/10.3.1/../../../../arm-none-eabi/lib/thumb/v6-m/nofp\libc_nano.a(lib_a-printf.o)
                              ./Core/Src/main.o (printf)
d:/programs/programming/stm32cube/stm32cubeide_1.10.1/stm32cubeide/plugins/com.st.stm32cube.ide.mcu.externaltools.gnu-tools-for-stm32.10.3-2021.10.win32_1.0.0.202111181127/tools/bin/../lib/gcc/arm-none-eabi/10.3.1/../../../../arm-none-eabi/lib/thumb/v6-m/nofp\libc_nano.a(lib_a-puts.o)
                              ./Core/Src/main.o (puts)
d:/programs/programming/stm32cube/stm32cubeide_1.10.1/stm32cubeide/plugins/com.st.stm32cube.ide.mcu.externaltools.gnu-tools-for-stm32.10.3-2021.10.win32_1.0.0.202111181127/tools/bin/../lib/gcc/arm-none-eabi/10.3.1/../../../../arm-none-eabi/lib/thumb/v6-m/nofp\libc_nano.a(lib_a-strchr.o)
                              ./Libs/WIZnet/Internet/DNS/dns.o (strchr)
d:/programs/programming/stm32cube/stm32cubeide_1.10.1/stm32cubeide/plugins/com.st.stm32cube.ide.mcu.externaltools.gnu-tools-for-stm32.10.3-2021.10.win32_1.0.0.202111181127/tools/bin/../lib/gcc/arm-none-eabi/10.3.1/../../../../arm-none-eabi/lib/thumb/v6-m/nofp\libc_nano.a(lib_a-strcpy.o)
                              ./Libs/WIZnet/Internet/DNS/dns.o (strcpy)
d:/programs/programming/stm32cube/stm32cubeide_1.10.1/stm32cubeide/plugins/com.st.stm32cube.ide.mcu.externaltools.gnu-tools-for-stm32.10.3-2021.10.win32_1.0.0.202111181127/tools/bin/../lib/gcc/arm-none-eabi/10.3.1/../../../../arm-none-eabi/lib/thumb/v6-m/nofp\libc_nano.a(lib_a-strlen.o)
                              ./Libs/WIZnet/Internet/DNS/dns.o (strlen)
d:/programs/programming/stm32cube/stm32cubeide_1.10.1/stm32cubeide/plugins/com.st.stm32cube.ide.mcu.externaltools.gnu-tools-for-stm32.10.3-2021.10.win32_1.0.0.202111181127/tools/bin/../lib/gcc/arm-none-eabi/10.3.1/../../../../arm-none-eabi/lib/thumb/v6-m/nofp\libc_nano.a(lib_a-strncpy.o)
                              ./Libs/WIZnet/Internet/DNS/dns.o (strncpy)
[...]
Memory Configuration

Name             Origin             Length             Attributes
RAM              0x0000000020000000 0x0000000000002000 xrw
FLASH            0x0000000008000000 0x0000000000010000 xr
*default*        0x0000000000000000 0xffffffffffffffff

Linker script and memory map

LOAD d:/programs/programming/stm32cube/stm32cubeide_1.10.1/stm32cubeide/plugins/com.st.stm32cube.ide.mcu.externaltools.gnu-tools-for-stm32.10.3-2021.10.win32_1.0.0.202111181127/tools/bin/../lib/gcc/arm-none-eabi/10.3.1/thumb/v6-m/nofp/crti.o
LOAD d:/programs/programming/stm32cube/stm32cubeide_1.10.1/stm32cubeide/plugins/com.st.stm32cube.ide.mcu.externaltools.gnu-tools-for-stm32.10.3-2021.10.win32_1.0.0.202111181127/tools/bin/../lib/gcc/arm-none-eabi/10.3.1/thumb/v6-m/nofp/crtbegin.o
LOAD d:/programs/programming/stm32cube/stm32cubeide_1.10.1/stm32cubeide/plugins/com.st.stm32cube.ide.mcu.externaltools.gnu-tools-for-stm32.10.3-2021.10.win32_1.0.0.202111181127/tools/bin/../lib/gcc/arm-none-eabi/10.3.1/../../../../arm-none-eabi/lib/thumb/v6-m/nofp/crt0.o
LOAD ./Core/Src/main.o
LOAD ./Core/Src/stm32f0xx_hal_msp.o
LOAD ./Core/Src/stm32f0xx_it.o
LOAD ./Core/Src/syscalls.o
LOAD ./Core/Src/sysmem.o
LOAD ./Core/Src/system_stm32f0xx.o
LOAD ./Core/Startup/startup_stm32f030r8tx.o
LOAD ./Drivers/STM32F0xx_HAL_Driver/Src/stm32f0xx_hal.o
LOAD ./Drivers/STM32F0xx_HAL_Driver/Src/stm32f0xx_hal_cortex.o
LOAD ./Drivers/STM32F0xx_HAL_Driver/Src/stm32f0xx_hal_dma.o
LOAD ./Drivers/STM32F0xx_HAL_Driver/Src/stm32f0xx_hal_exti.o
LOAD ./Drivers/STM32F0xx_HAL_Driver/Src/stm32f0xx_hal_flash.o
LOAD ./Drivers/STM32F0xx_HAL_Driver/Src/stm32f0xx_hal_flash_ex.o
LOAD ./Drivers/STM32F0xx_HAL_Driver/Src/stm32f0xx_hal_gpio.o
LOAD ./Drivers/STM32F0xx_HAL_Driver/Src/stm32f0xx_hal_i2c.o
LOAD ./Drivers/STM32F0xx_HAL_Driver/Src/stm32f0xx_hal_i2c_ex.o
LOAD ./Drivers/STM32F0xx_HAL_Driver/Src/stm32f0xx_hal_pwr.o
LOAD ./Drivers/STM32F0xx_HAL_Driver/Src/stm32f0xx_hal_pwr_ex.o
LOAD ./Drivers/STM32F0xx_HAL_Driver/Src/stm32f0xx_hal_rcc.o
LOAD ./Drivers/STM32F0xx_HAL_Driver/Src/stm32f0xx_hal_rcc_ex.o
LOAD ./Drivers/STM32F0xx_HAL_Driver/Src/stm32f0xx_hal_spi.o
LOAD ./Drivers/STM32F0xx_HAL_Driver/Src/stm32f0xx_hal_spi_ex.o
LOAD ./Drivers/STM32F0xx_HAL_Driver/Src/stm32f0xx_hal_tim.o
LOAD ./Drivers/STM32F0xx_HAL_Driver/Src/stm32f0xx_hal_tim_ex.o
LOAD ./Drivers/STM32F0xx_HAL_Driver/Src/stm32f0xx_hal_uart.o
LOAD ./Drivers/STM32F0xx_HAL_Driver/Src/stm32f0xx_hal_uart_ex.o
LOAD ./Libs/WIZnet/Ethernet/W5100/w5100.o
LOAD ./Libs/WIZnet/Ethernet/W5100S/w5100s.o
LOAD ./Libs/WIZnet/Ethernet/W5200/w5200.o
LOAD ./Libs/WIZnet/Ethernet/W5300/w5300.o
LOAD ./Libs/WIZnet/Ethernet/W5500/w5500.o
LOAD ./Libs/WIZnet/Ethernet/socket.o
LOAD ./Libs/WIZnet/Ethernet/wizchip_conf.o
LOAD ./Libs/WIZnet/Internet/DHCP/dhcp.o
LOAD ./Libs/WIZnet/Internet/DNS/dns.o
START GROUP
LOAD d:/programs/programming/stm32cube/stm32cubeide_1.10.1/stm32cubeide/plugins/com.st.stm32cube.ide.mcu.externaltools.gnu-tools-for-stm32.10.3-2021.10.win32_1.0.0.202111181127/tools/bin/../lib/gcc/arm-none-eabi/10.3.1/../../../../arm-none-eabi/lib/thumb/v6-m/nofp\libc_nano.a
LOAD d:/programs/programming/stm32cube/stm32cubeide_1.10.1/stm32cubeide/plugins/com.st.stm32cube.ide.mcu.externaltools.gnu-tools-for-stm32.10.3-2021.10.win32_1.0.0.202111181127/tools/bin/../lib/gcc/arm-none-eabi/10.3.1/../../../../arm-none-eabi/lib/thumb/v6-m/nofp\libm.a
END GROUP
START GROUP
LOAD d:/programs/programming/stm32cube/stm32cubeide_1.10.1/stm32cubeide/plugins/com.st.stm32cube.ide.mcu.externaltools.gnu-tools-for-stm32.10.3-2021.10.win32_1.0.0.202111181127/tools/bin/../lib/gcc/arm-none-eabi/10.3.1/thumb/v6-m/nofp\libgcc.a
LOAD d:/programs/programming/stm32cube/stm32cubeide_1.10.1/stm32cubeide/plugins/com.st.stm32cube.ide.mcu.externaltools.gnu-tools-for-stm32.10.3-2021.10.win32_1.0.0.202111181127/tools/bin/../lib/gcc/arm-none-eabi/10.3.1/../../../../arm-none-eabi/lib/thumb/v6-m/nofp\libc_nano.a
END GROUP
START GROUP
LOAD d:/programs/programming/stm32cube/stm32cubeide_1.10.1/stm32cubeide/plugins/com.st.stm32cube.ide.mcu.externaltools.gnu-tools-for-stm32.10.3-2021.10.win32_1.0.0.202111181127/tools/bin/../lib/gcc/arm-none-eabi/10.3.1/thumb/v6-m/nofp\libgcc.a
LOAD d:/programs/programming/stm32cube/stm32cubeide_1.10.1/stm32cubeide/plugins/com.st.stm32cube.ide.mcu.externaltools.gnu-tools-for-stm32.10.3-2021.10.win32_1.0.0.202111181127/tools/bin/../lib/gcc/arm-none-eabi/10.3.1/../../../../arm-none-eabi/lib/thumb/v6-m/nofp\libc_nano.a
LOAD d:/programs/programming/stm32cube/stm32cubeide_1.10.1/stm32cubeide/plugins/com.st.stm32cube.ide.mcu.externaltools.gnu-tools-for-stm32.10.3-2021.10.win32_1.0.0.202111181127/tools/bin/../lib/gcc/arm-none-eabi/10.3.1/../../../../arm-none-eabi/lib/thumb/v6-m/nofp\libnosys.a
END GROUP
START GROUP
LOAD d:/programs/programming/stm32cube/stm32cubeide_1.10.1/stm32cubeide/plugins/com.st.stm32cube.ide.mcu.externaltools.gnu-tools-for-stm32.10.3-2021.10.win32_1.0.0.202111181127/tools/bin/../lib/gcc/arm-none-eabi/10.3.1/thumb/v6-m/nofp\libgcc.a
LOAD d:/programs/programming/stm32cube/stm32cubeide_1.10.1/stm32cubeide/plugins/com.st.stm32cube.ide.mcu.externaltools.gnu-tools-for-stm32.10.3-2021.10.win32_1.0.0.202111181127/tools/bin/../lib/gcc/arm-none-eabi/10.3.1/../../../../arm-none-eabi/lib/thumb/v6-m/nofp\libc_nano.a
LOAD d:/programs/programming/stm32cube/stm32cubeide_1.10.1/stm32cubeide/plugins/com.st.stm32cube.ide.mcu.externaltools.gnu-tools-for-stm32.10.3-2021.10.win32_1.0.0.202111181127/tools/bin/../lib/gcc/arm-none-eabi/10.3.1/../../../../arm-none-eabi/lib/thumb/v6-m/nofp\libnosys.a
END GROUP
LOAD d:/programs/programming/stm32cube/stm32cubeide_1.10.1/stm32cubeide/plugins/com.st.stm32cube.ide.mcu.externaltools.gnu-tools-for-stm32.10.3-2021.10.win32_1.0.0.202111181127/tools/bin/../lib/gcc/arm-none-eabi/10.3.1/thumb/v6-m/nofp/crtend.o
LOAD d:/programs/programming/stm32cube/stm32cubeide_1.10.1/stm32cubeide/plugins/com.st.stm32cube.ide.mcu.externaltools.gnu-tools-for-stm32.10.3-2021.10.win32_1.0.0.202111181127/tools/bin/../lib/gcc/arm-none-eabi/10.3.1/thumb/v6-m/nofp/crtn.o
                0x0000000020002000                _estack = (ORIGIN (RAM) + LENGTH (RAM))
                0x0000000000000200                _Min_Heap_Size = 0x200
                0x0000000000000400                _Min_Stack_Size = 0x400

.isr_vector     0x0000000008000000       0xc0
                0x0000000008000000                . = ALIGN (0x4)
 *(.isr_vector)
 .isr_vector    0x0000000008000000       0xc0 ./Core/Startup/startup_stm32f030r8tx.o
                0x0000000008000000                g_pfnVectors
                0x00000000080000c0                . = ALIGN (0x4)

.text           0x00000000080000c0     0x8bcc
                0x00000000080000c0                . = ALIGN (0x4)
 *(.text)
 .text          0x00000000080000c0       0x48 d:/programs/programming/stm32cube/stm32cubeide_1.10.1/stm32cubeide/plugins/com.st.stm32cube.ide.mcu.externaltools.gnu-tools-for-stm32.10.3-2021.10.win32_1.0.0.202111181127/tools/bin/../lib/gcc/arm-none-eabi/10.3.1/thumb/v6-m/nofp/crtbegin.o
 .text          0x0000000008000108       0x14 d:/programs/programming/stm32cube/stm32cubeide_1.10.1/stm32cubeide/plugins/com.st.stm32cube.ide.mcu.externaltools.gnu-tools-for-stm32.10.3-2021.10.win32_1.0.0.202111181127/tools/bin/../lib/gcc/arm-none-eabi/10.3.1/thumb/v6-m/nofp\libgcc.a(_thumb1_case_shi.o)
                0x0000000008000108                __gnu_thumb1_case_shi
 .text          0x000000000800011c      0x114 d:/programs/programming/stm32cube/stm32cubeide_1.10.1/stm32cubeide/plugins/com.st.stm32cube.ide.mcu.externaltools.gnu-tools-for-stm32.10.3-2021.10.win32_1.0.0.202111181127/tools/bin/../lib/gcc/arm-none-eabi/10.3.1/thumb/v6-m/nofp\libgcc.a(_udivsi3.o)
                0x000000000800011c                __aeabi_uidiv
                0x000000000800011c                __udivsi3
                0x0000000008000228                __aeabi_uidivmod
 .text          0x0000000008000230        0x4 d:/programs/programming/stm32cube/stm32cubeide_1.10.1/stm32cubeide/plugins/com.st.stm32cube.ide.mcu.externaltools.gnu-tools-for-stm32.10.3-2021.10.win32_1.0.0.202111181127/tools/bin/../lib/gcc/arm-none-eabi/10.3.1/thumb/v6-m/nofp\libgcc.a(_dvmd_tls.o)
                0x0000000008000230                __aeabi_idiv0
                0x0000000008000230                __aeabi_ldiv0
 *(.text*)
 .text._write   0x0000000008000234       0x2c ./Core/Src/main.o
                0x0000000008000234                _write
 .text.W5500_Select
                0x0000000008000260       0x1c ./Core/Src/main.o
                0x0000000008000260                W5500_Select
 .text.W5500_Unselect
                0x000000000800027c       0x1c ./Core/Src/main.o
                0x000000000800027c                W5500_Unselect
 .text.W5500_ReadBuff
                0x0000000008000298       0x2c ./Core/Src/main.o
                0x0000000008000298                W5500_ReadBuff
 .text.W5500_WriteBuff
                0x00000000080002c4       0x2c ./Core/Src/main.o
                0x00000000080002c4                W5500_WriteBuff
 .text.W5500_ReadByte
                0x00000000080002f0       0x1c ./Core/Src/main.o
                0x00000000080002f0                W5500_ReadByte
 .text.W5500_WriteByte
                0x000000000800030c       0x1e ./Core/Src/main.o
                0x000000000800030c                W5500_WriteByte
 *fill*         0x000000000800032a        0x2 
 .text.Callback_IPAssigned
                0x000000000800032c       0x28 ./Core/Src/main.o
                0x000000000800032c                Callback_IPAssigned
 .text.Callback_IPConflict
                0x0000000008000354       0x18 ./Core/Src/main.o
                0x0000000008000354                Callback_IPConflict
 .text.main     0x000000000800036c      0x2a0 ./Core/Src/main.o
                0x000000000800036c                main
 .text.SystemClock_Config
                0x000000000800060c       0xc2 ./Core/Src/main.o
                0x000000000800060c                SystemClock_Config
 *fill*         0x00000000080006ce        0x2 
 .text.MX_SPI2_Init
                0x00000000080006d0       0x7c ./Core/Src/main.o
 .text.MX_TIM1_Init
                0x000000000800074c       0xb4 ./Core/Src/main.o
 .text.MX_TIM3_Init
                0x0000000008000800       0xb0 ./Core/Src/main.o
 .text.MX_USART1_UART_Init
                0x00000000080008b0       0x60 ./Core/Src/main.o
 .text.MX_GPIO_Init
                0x0000000008000910      0x198 ./Core/Src/main.o
 .text.HAL_GPIO_EXTI_Callback
                0x0000000008000aa8       0x60 ./Core/Src/main.o
                0x0000000008000aa8                HAL_GPIO_EXTI_Callback
 .text.HAL_TIM_PeriodElapsedCallback
                0x0000000008000b08       0x90 ./Core/Src/main.o
                0x0000000008000b08                HAL_TIM_PeriodElapsedCallback
 .text.Error_Handler
                0x0000000008000b98        0xa ./Core/Src/main.o
                0x0000000008000b98                Error_Handler
 *fill*         0x0000000008000ba2        0x2 
 .text.HAL_MspInit
                0x0000000008000ba4       0x48 ./Core/Src/stm32f0xx_hal_msp.o
                0x0000000008000ba4                HAL_MspInit
 .text.HAL_SPI_MspInit
                0x0000000008000bec       0xac ./Core/Src/stm32f0xx_hal_msp.o
                0x0000000008000bec                HAL_SPI_MspInit
 .text.HAL_TIM_Base_MspInit
                0x0000000008000c98       0x98 ./Core/Src/stm32f0xx_hal_msp.o
                0x0000000008000c98                HAL_TIM_Base_MspInit
 .text.HAL_UART_MspInit
                0x0000000008000d30       0xac ./Core/Src/stm32f0xx_hal_msp.o
                0x0000000008000d30                HAL_UART_MspInit
 .text.NMI_Handler
                0x0000000008000ddc        0x6 ./Core/Src/stm32f0xx_it.o
                0x0000000008000ddc                NMI_Handler
 .text.HardFault_Handler
                0x0000000008000de2        0x6 ./Core/Src/stm32f0xx_it.o
                0x0000000008000de2                HardFault_Handler
 .text.SVC_Handler
                0x0000000008000de8        0xa ./Core/Src/stm32f0xx_it.o
                0x0000000008000de8                SVC_Handler
 .text.PendSV_Handler
                0x0000000008000df2        0xa ./Core/Src/stm32f0xx_it.o
                0x0000000008000df2                PendSV_Handler
 .text.SysTick_Handler
                0x0000000008000dfc       0x34 ./Core/Src/stm32f0xx_it.o
                0x0000000008000dfc                SysTick_Handler
 .text.EXTI4_15_IRQHandler
                0x0000000008000e30       0x1e ./Core/Src/stm32f0xx_it.o
                0x0000000008000e30                EXTI4_15_IRQHandler
 *fill*         0x0000000008000e4e        0x2 
 .text.TIM1_BRK_UP_TRG_COM_IRQHandler
                0x0000000008000e50       0x18 ./Core/Src/stm32f0xx_it.o
                0x0000000008000e50                TIM1_BRK_UP_TRG_COM_IRQHandler
 .text.TIM1_CC_IRQHandler
                0x0000000008000e68       0x18 ./Core/Src/stm32f0xx_it.o
                0x0000000008000e68                TIM1_CC_IRQHandler
 .text.TIM3_IRQHandler
                0x0000000008000e80       0x18 ./Core/Src/stm32f0xx_it.o
                0x0000000008000e80                TIM3_IRQHandler
 .text.SPI2_IRQHandler
                0x0000000008000e98       0x18 ./Core/Src/stm32f0xx_it.o
                0x0000000008000e98                SPI2_IRQHandler
 .text.USART1_IRQHandler
                0x0000000008000eb0       0x18 ./Core/Src/stm32f0xx_it.o
                0x0000000008000eb0                USART1_IRQHandler
 .text._read    0x0000000008000ec8       0x3a ./Core/Src/syscalls.o
                0x0000000008000ec8                _read
 .text._close   0x0000000008000f02       0x14 ./Core/Src/syscalls.o
                0x0000000008000f02                _close
 .text._fstat   0x0000000008000f16       0x1c ./Core/Src/syscalls.o
                0x0000000008000f16                _fstat
 .text._isatty  0x0000000008000f32       0x12 ./Core/Src/syscalls.o
                0x0000000008000f32                _isatty
 .text._lseek   0x0000000008000f44       0x16 ./Core/Src/syscalls.o
                0x0000000008000f44                _lseek
 *fill*         0x0000000008000f5a        0x2 
 .text._sbrk    0x0000000008000f5c       0x6c ./Core/Src/sysmem.o
                0x0000000008000f5c                _sbrk
 .text.SystemInit
                0x0000000008000fc8        0xa ./Core/Src/system_stm32f0xx.o
                0x0000000008000fc8                SystemInit
 *fill*         0x0000000008000fd2        0x2 
 .text.Reset_Handler
                0x0000000008000fd4       0x50 ./Core/Startup/startup_stm32f030r8tx.o
                0x0000000008000fd4                Reset_Handler
 .text.Default_Handler
                0x0000000008001024        0x2 ./Core/Startup/startup_stm32f030r8tx.o
                0x0000000008001024                TIM6_IRQHandler
                0x0000000008001024                I2C1_IRQHandler
                0x0000000008001024                SPI1_IRQHandler
                0x0000000008001024                EXTI2_3_IRQHandler
                0x0000000008001024                ADC1_IRQHandler
                0x0000000008001024                I2C2_IRQHandler
                0x0000000008001024                TIM17_IRQHandler
                0x0000000008001024                RTC_IRQHandler
                0x0000000008001024                TIM16_IRQHandler
                0x0000000008001024                RCC_IRQHandler
                0x0000000008001024                DMA1_Channel1_IRQHandler
                0x0000000008001024                Default_Handler
                0x0000000008001024                TIM14_IRQHandler
                0x0000000008001024                DMA1_Channel4_5_IRQHandler
                0x0000000008001024                TIM15_IRQHandler
                0x0000000008001024                EXTI0_1_IRQHandler
                0x0000000008001024                WWDG_IRQHandler
                0x0000000008001024                DMA1_Channel2_3_IRQHandler
                0x0000000008001024                USART2_IRQHandler
                0x0000000008001024                FLASH_IRQHandler
 *fill*         0x0000000008001026        0x2 
 .text.HAL_Init
                0x0000000008001028       0x28 ./Drivers/STM32F0xx_HAL_Driver/Src/stm32f0xx_hal.o
                0x0000000008001028                HAL_Init
 .text.HAL_InitTick
                0x0000000008001050       0x68 ./Drivers/STM32F0xx_HAL_Driver/Src/stm32f0xx_hal.o
                0x0000000008001050                HAL_InitTick
 .text.HAL_IncTick
                0x00000000080010b8       0x24 ./Drivers/STM32F0xx_HAL_Driver/Src/stm32f0xx_hal.o
                0x00000000080010b8                HAL_IncTick
 .text.HAL_GetTick
                0x00000000080010dc       0x14 ./Drivers/STM32F0xx_HAL_Driver/Src/stm32f0xx_hal.o
                0x00000000080010dc                HAL_GetTick
 .text.__NVIC_EnableIRQ
                0x00000000080010f0       0x34 ./Drivers/STM32F0xx_HAL_Driver/Src/stm32f0xx_hal_cortex.o
 .text.__NVIC_SetPriority
                0x0000000008001124       0xdc ./Drivers/STM32F0xx_HAL_Driver/Src/stm32f0xx_hal_cortex.o
 .text.SysTick_Config
                0x0000000008001200       0x48 ./Drivers/STM32F0xx_HAL_Driver/Src/stm32f0xx_hal_cortex.o
 .text.HAL_NVIC_SetPriority
                0x0000000008001248       0x2a ./Drivers/STM32F0xx_HAL_Driver/Src/stm32f0xx_hal_cortex.o
                0x0000000008001248                HAL_NVIC_SetPriority
 .text.HAL_NVIC_EnableIRQ
                0x0000000008001272       0x20 ./Drivers/STM32F0xx_HAL_Driver/Src/stm32f0xx_hal_cortex.o
                0x0000000008001272                HAL_NVIC_EnableIRQ
 .text.HAL_SYSTICK_Config
                0x0000000008001292       0x1a ./Drivers/STM32F0xx_HAL_Driver/Src/stm32f0xx_hal_cortex.o
                0x0000000008001292                HAL_SYSTICK_Config
 .text.HAL_DMA_Abort
                0x00000000080012ac       0x70 ./Drivers/STM32F0xx_HAL_Driver/Src/stm32f0xx_hal_dma.o
                0x00000000080012ac                HAL_DMA_Abort
 .text.HAL_DMA_Abort_IT
                0x000000000800131c       0x8a ./Drivers/STM32F0xx_HAL_Driver/Src/stm32f0xx_hal_dma.o
                0x000000000800131c                HAL_DMA_Abort_IT
 *fill*         0x00000000080013a6        0x2 
 .text.HAL_GPIO_Init
                0x00000000080013a8      0x2e0 ./Drivers/STM32F0xx_HAL_Driver/Src/stm32f0xx_hal_gpio.o
                0x00000000080013a8                HAL_GPIO_Init
 .text.HAL_GPIO_WritePin
                0x0000000008001688       0x3a ./Drivers/STM32F0xx_HAL_Driver/Src/stm32f0xx_hal_gpio.o
                0x0000000008001688                HAL_GPIO_WritePin
 .text.HAL_GPIO_TogglePin
                0x00000000080016c2       0x36 ./Drivers/STM32F0xx_HAL_Driver/Src/stm32f0xx_hal_gpio.o
                0x00000000080016c2                HAL_GPIO_TogglePin
 .text.HAL_GPIO_EXTI_IRQHandler
                0x00000000080016f8       0x38 ./Drivers/STM32F0xx_HAL_Driver/Src/stm32f0xx_hal_gpio.o
                0x00000000080016f8                HAL_GPIO_EXTI_IRQHandler
 .text.HAL_RCC_OscConfig
                0x0000000008001730      0x634 ./Drivers/STM32F0xx_HAL_Driver/Src/stm32f0xx_hal_rcc.o
                0x0000000008001730                HAL_RCC_OscConfig
 .text.HAL_RCC_ClockConfig
                0x0000000008001d64      0x19c ./Drivers/STM32F0xx_HAL_Driver/Src/stm32f0xx_hal_rcc.o
                0x0000000008001d64                HAL_RCC_ClockConfig
 .text.HAL_RCC_GetSysClockFreq
                0x0000000008001f00       0xc8 ./Drivers/STM32F0xx_HAL_Driver/Src/stm32f0xx_hal_rcc.o
                0x0000000008001f00                HAL_RCC_GetSysClockFreq
 .text.HAL_RCC_GetHCLKFreq
                0x0000000008001fc8       0x14 ./Drivers/STM32F0xx_HAL_Driver/Src/stm32f0xx_hal_rcc.o
                0x0000000008001fc8                HAL_RCC_GetHCLKFreq
 .text.HAL_RCC_GetPCLK1Freq
                0x0000000008001fdc       0x2c ./Drivers/STM32F0xx_HAL_Driver/Src/stm32f0xx_hal_rcc.o
                0x0000000008001fdc                HAL_RCC_GetPCLK1Freq
 .text.HAL_RCCEx_PeriphCLKConfig
                0x0000000008002008      0x19c ./Drivers/STM32F0xx_HAL_Driver/Src/stm32f0xx_hal_rcc_ex.o
                0x0000000008002008                HAL_RCCEx_PeriphCLKConfig
 .text.HAL_SPI_Init
                0x00000000080021a4      0x170 ./Drivers/STM32F0xx_HAL_Driver/Src/stm32f0xx_hal_spi.o
                0x00000000080021a4                HAL_SPI_Init
 .text.HAL_SPI_Transmit
                0x0000000008002314      0x2b0 ./Drivers/STM32F0xx_HAL_Driver/Src/stm32f0xx_hal_spi.o
                0x0000000008002314                HAL_SPI_Transmit
 .text.HAL_SPI_Receive
                0x00000000080025c4      0x298 ./Drivers/STM32F0xx_HAL_Driver/Src/stm32f0xx_hal_spi.o
                0x00000000080025c4                HAL_SPI_Receive
 .text.HAL_SPI_TransmitReceive
                0x000000000800285c      0x3a4 ./Drivers/STM32F0xx_HAL_Driver/Src/stm32f0xx_hal_spi.o
                0x000000000800285c                HAL_SPI_TransmitReceive
 .text.HAL_SPI_IRQHandler
                0x0000000008002c00      0x1fc ./Drivers/STM32F0xx_HAL_Driver/Src/stm32f0xx_hal_spi.o
                0x0000000008002c00                HAL_SPI_IRQHandler
 .text.HAL_SPI_ErrorCallback
                0x0000000008002dfc       0x10 ./Drivers/STM32F0xx_HAL_Driver/Src/stm32f0xx_hal_spi.o
                0x0000000008002dfc                HAL_SPI_ErrorCallback
 .text.SPI_DMAAbortOnError
                0x0000000008002e0c       0x2c ./Drivers/STM32F0xx_HAL_Driver/Src/stm32f0xx_hal_spi.o
 .text.SPI_WaitFlagStateUntilTimeout
                0x0000000008002e38      0x11c ./Drivers/STM32F0xx_HAL_Driver/Src/stm32f0xx_hal_spi.o
 .text.SPI_WaitFifoStateUntilTimeout
                0x0000000008002f54      0x144 ./Drivers/STM32F0xx_HAL_Driver/Src/stm32f0xx_hal_spi.o
 .text.SPI_EndRxTransaction
                0x0000000008003098       0xbc ./Drivers/STM32F0xx_HAL_Driver/Src/stm32f0xx_hal_spi.o
 .text.SPI_EndRxTxTransaction
                0x0000000008003154       0x8c ./Drivers/STM32F0xx_HAL_Driver/Src/stm32f0xx_hal_spi.o
 .text.HAL_TIM_Base_Init
                0x00000000080031e0       0xa0 ./Drivers/STM32F0xx_HAL_Driver/Src/stm32f0xx_hal_tim.o
                0x00000000080031e0                HAL_TIM_Base_Init
 .text.HAL_TIM_Base_Start_IT
                0x0000000008003280       0x98 ./Drivers/STM32F0xx_HAL_Driver/Src/stm32f0xx_hal_tim.o
                0x0000000008003280                HAL_TIM_Base_Start_IT
 .text.HAL_TIM_IRQHandler
                0x0000000008003318      0x22c ./Drivers/STM32F0xx_HAL_Driver/Src/stm32f0xx_hal_tim.o
                0x0000000008003318                HAL_TIM_IRQHandler
 .text.HAL_TIM_ConfigClockSource
                0x0000000008003544      0x1a8 ./Drivers/STM32F0xx_HAL_Driver/Src/stm32f0xx_hal_tim.o
                0x0000000008003544                HAL_TIM_ConfigClockSource
 .text.HAL_TIM_OC_DelayElapsedCallback
                0x00000000080036ec       0x10 ./Drivers/STM32F0xx_HAL_Driver/Src/stm32f0xx_hal_tim.o
                0x00000000080036ec                HAL_TIM_OC_DelayElapsedCallback
 .text.HAL_TIM_IC_CaptureCallback
                0x00000000080036fc       0x10 ./Drivers/STM32F0xx_HAL_Driver/Src/stm32f0xx_hal_tim.o
                0x00000000080036fc                HAL_TIM_IC_CaptureCallback
 .text.HAL_TIM_PWM_PulseFinishedCallback
                0x000000000800370c       0x10 ./Drivers/STM32F0xx_HAL_Driver/Src/stm32f0xx_hal_tim.o
                0x000000000800370c                HAL_TIM_PWM_PulseFinishedCallback
 .text.HAL_TIM_TriggerCallback
                0x000000000800371c       0x10 ./Drivers/STM32F0xx_HAL_Driver/Src/stm32f0xx_hal_tim.o
                0x000000000800371c                HAL_TIM_TriggerCallback
 .text.TIM_Base_SetConfig
                0x000000000800372c       0xec ./Drivers/STM32F0xx_HAL_Driver/Src/stm32f0xx_hal_tim.o
                0x000000000800372c                TIM_Base_SetConfig
 .text.TIM_TI1_ConfigInputStage
                0x0000000008003818       0x5c ./Drivers/STM32F0xx_HAL_Driver/Src/stm32f0xx_hal_tim.o
 .text.TIM_TI2_ConfigInputStage
                0x0000000008003874       0x64 ./Drivers/STM32F0xx_HAL_Driver/Src/stm32f0xx_hal_tim.o
 .text.TIM_ITRx_SetConfig
                0x00000000080038d8       0x32 ./Drivers/STM32F0xx_HAL_Driver/Src/stm32f0xx_hal_tim.o
 *fill*         0x000000000800390a        0x2 
 .text.TIM_ETR_SetConfig
                0x000000000800390c       0x40 ./Drivers/STM32F0xx_HAL_Driver/Src/stm32f0xx_hal_tim.o
                0x000000000800390c                TIM_ETR_SetConfig
 .text.HAL_TIMEx_MasterConfigSynchronization
                0x000000000800394c       0xb0 ./Drivers/STM32F0xx_HAL_Driver/Src/stm32f0xx_hal_tim_ex.o
                0x000000000800394c                HAL_TIMEx_MasterConfigSynchronization
 .text.HAL_TIMEx_CommutCallback
                0x00000000080039fc       0x10 ./Drivers/STM32F0xx_HAL_Driver/Src/stm32f0xx_hal_tim_ex.o
                0x00000000080039fc                HAL_TIMEx_CommutCallback
 .text.HAL_TIMEx_BreakCallback
                0x0000000008003a0c       0x10 ./Drivers/STM32F0xx_HAL_Driver/Src/stm32f0xx_hal_tim_ex.o
                0x0000000008003a0c                HAL_TIMEx_BreakCallback
 .text.HAL_UART_Init
                0x0000000008003a1c       0xa8 ./Drivers/STM32F0xx_HAL_Driver/Src/stm32f0xx_hal_uart.o
                0x0000000008003a1c                HAL_UART_Init
 .text.HAL_UART_Transmit
                0x0000000008003ac4      0x152 ./Drivers/STM32F0xx_HAL_Driver/Src/stm32f0xx_hal_uart.o
                0x0000000008003ac4                HAL_UART_Transmit
 *fill*         0x0000000008003c16        0x2 
 .text.HAL_UART_IRQHandler
                0x0000000008003c18      0x580 ./Drivers/STM32F0xx_HAL_Driver/Src/stm32f0xx_hal_uart.o
                0x0000000008003c18                HAL_UART_IRQHandler
 .text.HAL_UART_TxCpltCallback
                0x0000000008004198       0x10 ./Drivers/STM32F0xx_HAL_Driver/Src/stm32f0xx_hal_uart.o
                0x0000000008004198                HAL_UART_TxCpltCallback
 .text.HAL_UART_ErrorCallback
                0x00000000080041a8       0x10 ./Drivers/STM32F0xx_HAL_Driver/Src/stm32f0xx_hal_uart.o
                0x00000000080041a8                HAL_UART_ErrorCallback
 .text.HAL_UARTEx_RxEventCallback
                0x00000000080041b8       0x16 ./Drivers/STM32F0xx_HAL_Driver/Src/stm32f0xx_hal_uart.o
                0x00000000080041b8                HAL_UARTEx_RxEventCallback
 *fill*         0x00000000080041ce        0x2 
 .text.UART_SetConfig
                0x00000000080041d0      0x280 ./Drivers/STM32F0xx_HAL_Driver/Src/stm32f0xx_hal_uart.o
                0x00000000080041d0                UART_SetConfig
 .text.UART_AdvFeatureConfig
                0x0000000008004450      0x168 ./Drivers/STM32F0xx_HAL_Driver/Src/stm32f0xx_hal_uart.o
                0x0000000008004450                UART_AdvFeatureConfig
 .text.UART_CheckIdleState
                0x00000000080045b8       0x90 ./Drivers/STM32F0xx_HAL_Driver/Src/stm32f0xx_hal_uart.o
                0x00000000080045b8                UART_CheckIdleState
 .text.UART_WaitOnFlagUntilTimeout
                0x0000000008004648      0x188 ./Drivers/STM32F0xx_HAL_Driver/Src/stm32f0xx_hal_uart.o
                0x0000000008004648                UART_WaitOnFlagUntilTimeout
 .text.UART_EndRxTransfer
                0x00000000080047d0       0xc4 ./Drivers/STM32F0xx_HAL_Driver/Src/stm32f0xx_hal_uart.o
 .text.UART_DMAAbortOnError
                0x0000000008004894       0x2e ./Drivers/STM32F0xx_HAL_Driver/Src/stm32f0xx_hal_uart.o
 .text.UART_EndTransmit_IT
                0x00000000080048c2       0x56 ./Drivers/STM32F0xx_HAL_Driver/Src/stm32f0xx_hal_uart.o
 .text.WIZCHIP_READ
                0x0000000008004918       0xa4 ./Libs/WIZnet/Ethernet/W5500/w5500.o
                0x0000000008004918                WIZCHIP_READ
 .text.WIZCHIP_WRITE
                0x00000000080049bc       0xac ./Libs/WIZnet/Ethernet/W5500/w5500.o
                0x00000000080049bc                WIZCHIP_WRITE
 .text.WIZCHIP_READ_BUF
                0x0000000008004a68       0xdc ./Libs/WIZnet/Ethernet/W5500/w5500.o
                0x0000000008004a68                WIZCHIP_READ_BUF
 .text.WIZCHIP_WRITE_BUF
                0x0000000008004b44       0xdc ./Libs/WIZnet/Ethernet/W5500/w5500.o
                0x0000000008004b44                WIZCHIP_WRITE_BUF
 .text.getSn_TX_FSR
                0x0000000008004c20       0xd8 ./Libs/WIZnet/Ethernet/W5500/w5500.o
                0x0000000008004c20                getSn_TX_FSR
 .text.getSn_RX_RSR
                0x0000000008004cf8       0xd8 ./Libs/WIZnet/Ethernet/W5500/w5500.o
                0x0000000008004cf8                getSn_RX_RSR
 .text.wiz_send_data
                0x0000000008004dd0       0xf0 ./Libs/WIZnet/Ethernet/W5500/w5500.o
                0x0000000008004dd0                wiz_send_data
 .text.wiz_recv_data
                0x0000000008004ec0       0xf0 ./Libs/WIZnet/Ethernet/W5500/w5500.o
                0x0000000008004ec0                wiz_recv_data
 .text.wiz_recv_ignore
                0x0000000008004fb0       0xbc ./Libs/WIZnet/Ethernet/W5500/w5500.o
                0x0000000008004fb0                wiz_recv_ignore
 .text.socket   0x000000000800506c      0x274 ./Libs/WIZnet/Ethernet/socket.o
                0x000000000800506c                socket
 .text.close    0x00000000080052e0       0xf4 ./Libs/WIZnet/Ethernet/socket.o
                0x00000000080052e0                close
 .text.sendto   0x00000000080053d4      0x328 ./Libs/WIZnet/Ethernet/socket.o
                0x00000000080053d4                sendto
 .text.recvfrom
                0x00000000080056fc      0x50c ./Libs/WIZnet/Ethernet/socket.o
                0x00000000080056fc                recvfrom
 .text.wizchip_cris_enter
                0x0000000008005c08        0xa ./Libs/WIZnet/Ethernet/wizchip_conf.o
                0x0000000008005c08                wizchip_cris_enter
 .text.wizchip_cris_exit
                0x0000000008005c12        0xa ./Libs/WIZnet/Ethernet/wizchip_conf.o
                0x0000000008005c12                wizchip_cris_exit
 .text.wizchip_cs_select
                0x0000000008005c1c        0xa ./Libs/WIZnet/Ethernet/wizchip_conf.o
                0x0000000008005c1c                wizchip_cs_select
 .text.wizchip_cs_deselect
                0x0000000008005c26        0xa ./Libs/WIZnet/Ethernet/wizchip_conf.o
                0x0000000008005c26                wizchip_cs_deselect
 .text.wizchip_bus_readdata
                0x0000000008005c30       0x16 ./Libs/WIZnet/Ethernet/wizchip_conf.o
                0x0000000008005c30                wizchip_bus_readdata
 .text.wizchip_bus_writedata
                0x0000000008005c46       0x1e ./Libs/WIZnet/Ethernet/wizchip_conf.o
                0x0000000008005c46                wizchip_bus_writedata
 .text.wizchip_spi_readbyte
                0x0000000008005c64        0xc ./Libs/WIZnet/Ethernet/wizchip_conf.o
                0x0000000008005c64                wizchip_spi_readbyte
 .text.wizchip_spi_writebyte
                0x0000000008005c70       0x14 ./Libs/WIZnet/Ethernet/wizchip_conf.o
                0x0000000008005c70                wizchip_spi_writebyte
 .text.wizchip_spi_readburst
                0x0000000008005c84       0x16 ./Libs/WIZnet/Ethernet/wizchip_conf.o
                0x0000000008005c84                wizchip_spi_readburst
 .text.wizchip_spi_writeburst
                0x0000000008005c9a       0x16 ./Libs/WIZnet/Ethernet/wizchip_conf.o
                0x0000000008005c9a                wizchip_spi_writeburst
 .text.reg_wizchip_cs_cbfunc
                0x0000000008005cb0       0x48 ./Libs/WIZnet/Ethernet/wizchip_conf.o
                0x0000000008005cb0                reg_wizchip_cs_cbfunc
 .text.reg_wizchip_spi_cbfunc
                0x0000000008005cf8       0x58 ./Libs/WIZnet/Ethernet/wizchip_conf.o
                0x0000000008005cf8                reg_wizchip_spi_cbfunc
 .text.reg_wizchip_spiburst_cbfunc
                0x0000000008005d50       0x58 ./Libs/WIZnet/Ethernet/wizchip_conf.o
                0x0000000008005d50                reg_wizchip_spiburst_cbfunc
 .text.wizchip_sw_reset
                0x0000000008005da8       0x92 ./Libs/WIZnet/Ethernet/wizchip_conf.o
                0x0000000008005da8                wizchip_sw_reset
 .text.wizchip_init
                0x0000000008005e3a      0x186 ./Libs/WIZnet/Ethernet/wizchip_conf.o
                0x0000000008005e3a                wizchip_init
 .text.wizchip_setnetinfo
                0x0000000008005fc0       0x84 ./Libs/WIZnet/Ethernet/wizchip_conf.o
                0x0000000008005fc0                wizchip_setnetinfo
 .text.default_ip_assign
                0x0000000008006044       0x40 ./Libs/WIZnet/Internet/DHCP/dhcp.o
                0x0000000008006044                default_ip_assign
 .text.default_ip_update
                0x0000000008006084       0x30 ./Libs/WIZnet/Internet/DHCP/dhcp.o
                0x0000000008006084                default_ip_update
 .text.default_ip_conflict
                0x00000000080060b4       0x2c ./Libs/WIZnet/Internet/DHCP/dhcp.o
                0x00000000080060b4                default_ip_conflict
 .text.reg_dhcp_cbfunc
                0x00000000080060e0       0x64 ./Libs/WIZnet/Internet/DHCP/dhcp.o
                0x00000000080060e0                reg_dhcp_cbfunc
 .text.makeDHCPMSG
                0x0000000008006144      0x21c ./Libs/WIZnet/Internet/DHCP/dhcp.o
                0x0000000008006144                makeDHCPMSG
 .text.send_DHCP_DISCOVER
                0x0000000008006360      0x47c ./Libs/WIZnet/Internet/DHCP/dhcp.o
                0x0000000008006360                send_DHCP_DISCOVER
 .text.send_DHCP_REQUEST
                0x00000000080067dc      0x644 ./Libs/WIZnet/Internet/DHCP/dhcp.o
                0x00000000080067dc                send_DHCP_REQUEST
 .text.send_DHCP_DECLINE
                0x0000000008006e20      0x350 ./Libs/WIZnet/Internet/DHCP/dhcp.o
                0x0000000008006e20                send_DHCP_DECLINE
 .text.parseDHCPMSG
                0x0000000008007170      0x3b0 ./Libs/WIZnet/Internet/DHCP/dhcp.o
                0x0000000008007170                parseDHCPMSG
 .text.DHCP_run
                0x0000000008007520      0x248 ./Libs/WIZnet/Internet/DHCP/dhcp.o
                0x0000000008007520                DHCP_run
 .text.check_DHCP_timeout
                0x0000000008007768       0xc4 ./Libs/WIZnet/Internet/DHCP/dhcp.o
                0x0000000008007768                check_DHCP_timeout
 .text.check_DHCP_leasedIP
                0x000000000800782c       0x88 ./Libs/WIZnet/Internet/DHCP/dhcp.o
                0x000000000800782c                check_DHCP_leasedIP
 .text.DHCP_init
                0x00000000080078b4      0x134 ./Libs/WIZnet/Internet/DHCP/dhcp.o
                0x00000000080078b4                DHCP_init
 .text.reset_DHCP_timeout
                0x00000000080079e8       0x28 ./Libs/WIZnet/Internet/DHCP/dhcp.o
                0x00000000080079e8                reset_DHCP_timeout
 .text.DHCP_time_handler
                0x0000000008007a10       0x18 ./Libs/WIZnet/Internet/DHCP/dhcp.o
                0x0000000008007a10                DHCP_time_handler
 .text.getIPfromDHCP
                0x0000000008007a28       0x3c ./Libs/WIZnet/Internet/DHCP/dhcp.o
                0x0000000008007a28                getIPfromDHCP
 .text.getGWfromDHCP
                0x0000000008007a64       0x3c ./Libs/WIZnet/Internet/DHCP/dhcp.o
                0x0000000008007a64                getGWfromDHCP
 .text.getSNfromDHCP
                0x0000000008007aa0       0x3c ./Libs/WIZnet/Internet/DHCP/dhcp.o
                0x0000000008007aa0                getSNfromDHCP
 .text.getDNSfromDHCP
                0x0000000008007adc       0x3c ./Libs/WIZnet/Internet/DHCP/dhcp.o
                0x0000000008007adc                getDNSfromDHCP
 .text.getDHCPLeasetime
                0x0000000008007b18       0x14 ./Libs/WIZnet/Internet/DHCP/dhcp.o
                0x0000000008007b18                getDHCPLeasetime
 .text.NibbleToHex
                0x0000000008007b2c       0x3a ./Libs/WIZnet/Internet/DHCP/dhcp.o
                0x0000000008007b2c                NibbleToHex
 *fill*         0x0000000008007b66        0x2 
 .text.__errno  0x0000000008007b68        0xc d:/programs/programming/stm32cube/stm32cubeide_1.10.1/stm32cubeide/plugins/com.st.stm32cube.ide.mcu.externaltools.gnu-tools-for-stm32.10.3-2021.10.win32_1.0.0.202111181127/tools/bin/../lib/gcc/arm-none-eabi/10.3.1/../../../../arm-none-eabi/lib/thumb/v6-m/nofp\libc_nano.a(lib_a-errno.o)
                0x0000000008007b68                __errno
 .text.__libc_init_array
                0x0000000008007b74       0x48 d:/programs/programming/stm32cube/stm32cubeide_1.10.1/stm32cubeide/plugins/com.st.stm32cube.ide.mcu.externaltools.gnu-tools-for-stm32.10.3-2021.10.win32_1.0.0.202111181127/tools/bin/../lib/gcc/arm-none-eabi/10.3.1/../../../../arm-none-eabi/lib/thumb/v6-m/nofp\libc_nano.a(lib_a-init.o)
                0x0000000008007b74                __libc_init_array
 .text.memset   0x0000000008007bbc       0x10 d:/programs/programming/stm32cube/stm32cubeide_1.10.1/stm32cubeide/plugins/com.st.stm32cube.ide.mcu.externaltools.gnu-tools-for-stm32.10.3-2021.10.win32_1.0.0.202111181127/tools/bin/../lib/gcc/arm-none-eabi/10.3.1/../../../../arm-none-eabi/lib/thumb/v6-m/nofp\libc_nano.a(lib_a-memset.o)
                0x0000000008007bbc                memset
 .text.printf   0x0000000008007bcc       0x34 d:/programs/programming/stm32cube/stm32cubeide_1.10.1/stm32cubeide/plugins/com.st.stm32cube.ide.mcu.externaltools.gnu-tools-for-stm32.10.3-2021.10.win32_1.0.0.202111181127/tools/bin/../lib/gcc/arm-none-eabi/10.3.1/../../../../arm-none-eabi/lib/thumb/v6-m/nofp\libc_nano.a(lib_a-printf.o)
                0x0000000008007bcc                iprintf
                0x0000000008007bcc                printf
 .text._puts_r  0x0000000008007c00       0xe4 d:/programs/programming/stm32cube/stm32cubeide_1.10.1/stm32cubeide/plugins/com.st.stm32cube.ide.mcu.externaltools.gnu-tools-for-stm32.10.3-2021.10.win32_1.0.0.202111181127/tools/bin/../lib/gcc/arm-none-eabi/10.3.1/../../../../arm-none-eabi/lib/thumb/v6-m/nofp\libc_nano.a(lib_a-puts.o)
                0x0000000008007c00                _puts_r
 .text.puts     0x0000000008007ce4       0x14 d:/programs/programming/stm32cube/stm32cubeide_1.10.1/stm32cubeide/plugins/com.st.stm32cube.ide.mcu.externaltools.gnu-tools-for-stm32.10.3-2021.10.win32_1.0.0.202111181127/tools/bin/../lib/gcc/arm-none-eabi/10.3.1/../../../../arm-none-eabi/lib/thumb/v6-m/nofp\libc_nano.a(lib_a-puts.o)
                0x0000000008007ce4                puts
 .text.__swbuf_r
                0x0000000008007cf8       0xac d:/programs/programming/stm32cube/stm32cubeide_1.10.1/stm32cubeide/plugins/com.st.stm32cube.ide.mcu.externaltools.gnu-tools-for-stm32.10.3-2021.10.win32_1.0.0.202111181127/tools/bin/../lib/gcc/arm-none-eabi/10.3.1/../../../../arm-none-eabi/lib/thumb/v6-m/nofp\libc_nano.a(lib_a-wbuf.o)
                0x0000000008007cf8                __swbuf_r
 .text.__swsetup_r
                0x0000000008007da4       0xf0 d:/programs/programming/stm32cube/stm32cubeide_1.10.1/stm32cubeide/plugins/com.st.stm32cube.ide.mcu.externaltools.gnu-tools-for-stm32.10.3-2021.10.win32_1.0.0.202111181127/tools/bin/../lib/gcc/arm-none-eabi/10.3.1/../../../../arm-none-eabi/lib/thumb/v6-m/nofp\libc_nano.a(lib_a-wsetup.o)
                0x0000000008007da4                __swsetup_r
 .text.__sflush_r
                0x0000000008007e94      0x118 d:/programs/programming/stm32cube/stm32cubeide_1.10.1/stm32cubeide/plugins/com.st.stm32cube.ide.mcu.externaltools.gnu-tools-for-stm32.10.3-2021.10.win32_1.0.0.202111181127/tools/bin/../lib/gcc/arm-none-eabi/10.3.1/../../../../arm-none-eabi/lib/thumb/v6-m/nofp\libc_nano.a(lib_a-fflush.o)
                0x0000000008007e94                __sflush_r
 .text._fflush_r
                0x0000000008007fac       0x80 d:/programs/programming/stm32cube/stm32cubeide_1.10.1/stm32cubeide/plugins/com.st.stm32cube.ide.mcu.externaltools.gnu-tools-for-stm32.10.3-2021.10.win32_1.0.0.202111181127/tools/bin/../lib/gcc/arm-none-eabi/10.3.1/../../../../arm-none-eabi/lib/thumb/v6-m/nofp\libc_nano.a(lib_a-fflush.o)
                0x0000000008007fac                _fflush_r
 .text.std      0x000000000800802c       0x48 d:/programs/programming/stm32cube/stm32cubeide_1.10.1/stm32cubeide/plugins/com.st.stm32cube.ide.mcu.externaltools.gnu-tools-for-stm32.10.3-2021.10.win32_1.0.0.202111181127/tools/bin/../lib/gcc/arm-none-eabi/10.3.1/../../../../arm-none-eabi/lib/thumb/v6-m/nofp\libc_nano.a(lib_a-findfp.o)
 .text._cleanup_r
                0x0000000008008074       0x10 d:/programs/programming/stm32cube/stm32cubeide_1.10.1/stm32cubeide/plugins/com.st.stm32cube.ide.mcu.externaltools.gnu-tools-for-stm32.10.3-2021.10.win32_1.0.0.202111181127/tools/bin/../lib/gcc/arm-none-eabi/10.3.1/../../../../arm-none-eabi/lib/thumb/v6-m/nofp\libc_nano.a(lib_a-findfp.o)
                0x0000000008008074                _cleanup_r
 .text.__sfmoreglue
                0x0000000008008084       0x2c d:/programs/programming/stm32cube/stm32cubeide_1.10.1/stm32cubeide/plugins/com.st.stm32cube.ide.mcu.externaltools.gnu-tools-for-stm32.10.3-2021.10.win32_1.0.0.202111181127/tools/bin/../lib/gcc/arm-none-eabi/10.3.1/../../../../arm-none-eabi/lib/thumb/v6-m/nofp\libc_nano.a(lib_a-findfp.o)
                0x0000000008008084                __sfmoreglue
 .text.__sfp_lock_acquire
                0x00000000080080b0       0x10 d:/programs/programming/stm32cube/stm32cubeide_1.10.1/stm32cubeide/plugins/com.st.stm32cube.ide.mcu.externaltools.gnu-tools-for-stm32.10.3-2021.10.win32_1.0.0.202111181127/tools/bin/../lib/gcc/arm-none-eabi/10.3.1/../../../../arm-none-eabi/lib/thumb/v6-m/nofp\libc_nano.a(lib_a-findfp.o)
                0x00000000080080b0                __sfp_lock_acquire
 .text.__sfp_lock_release
                0x00000000080080c0       0x10 d:/programs/programming/stm32cube/stm32cubeide_1.10.1/stm32cubeide/plugins/com.st.stm32cube.ide.mcu.externaltools.gnu-tools-for-stm32.10.3-2021.10.win32_1.0.0.202111181127/tools/bin/../lib/gcc/arm-none-eabi/10.3.1/../../../../arm-none-eabi/lib/thumb/v6-m/nofp\libc_nano.a(lib_a-findfp.o)
                0x00000000080080c0                __sfp_lock_release
 .text.__sinit_lock_acquire
                0x00000000080080d0       0x10 d:/programs/programming/stm32cube/stm32cubeide_1.10.1/stm32cubeide/plugins/com.st.stm32cube.ide.mcu.externaltools.gnu-tools-for-stm32.10.3-2021.10.win32_1.0.0.202111181127/tools/bin/../lib/gcc/arm-none-eabi/10.3.1/../../../../arm-none-eabi/lib/thumb/v6-m/nofp\libc_nano.a(lib_a-findfp.o)
                0x00000000080080d0                __sinit_lock_acquire
 .text.__sinit_lock_release
                0x00000000080080e0       0x10 d:/programs/programming/stm32cube/stm32cubeide_1.10.1/stm32cubeide/plugins/com.st.stm32cube.ide.mcu.externaltools.gnu-tools-for-stm32.10.3-2021.10.win32_1.0.0.202111181127/tools/bin/../lib/gcc/arm-none-eabi/10.3.1/../../../../arm-none-eabi/lib/thumb/v6-m/nofp\libc_nano.a(lib_a-findfp.o)
                0x00000000080080e0                __sinit_lock_release
 .text.__sinit  0x00000000080080f0       0x70 d:/programs/programming/stm32cube/stm32cubeide_1.10.1/stm32cubeide/plugins/com.st.stm32cube.ide.mcu.externaltools.gnu-tools-for-stm32.10.3-2021.10.win32_1.0.0.202111181127/tools/bin/../lib/gcc/arm-none-eabi/10.3.1/../../../../arm-none-eabi/lib/thumb/v6-m/nofp\libc_nano.a(lib_a-findfp.o)
                0x00000000080080f0                __sinit
 .text.__sfp    0x0000000008008160       0x90 d:/programs/programming/stm32cube/stm32cubeide_1.10.1/stm32cubeide/plugins/com.st.stm32cube.ide.mcu.externaltools.gnu-tools-for-stm32.10.3-2021.10.win32_1.0.0.202111181127/tools/bin/../lib/gcc/arm-none-eabi/10.3.1/../../../../arm-none-eabi/lib/thumb/v6-m/nofp\libc_nano.a(lib_a-findfp.o)
                0x0000000008008160                __sfp
 .text._fwalk_reent
                0x00000000080081f0       0x40 d:/programs/programming/stm32cube/stm32cubeide_1.10.1/stm32cubeide/plugins/com.st.stm32cube.ide.mcu.externaltools.gnu-tools-for-stm32.10.3-2021.10.win32_1.0.0.202111181127/tools/bin/../lib/gcc/arm-none-eabi/10.3.1/../../../../arm-none-eabi/lib/thumb/v6-m/nofp\libc_nano.a(lib_a-fwalk.o)
                0x00000000080081f0                _fwalk_reent
 .text.__retarget_lock_init_recursive
                0x0000000008008230        0x2 d:/programs/programming/stm32cube/stm32cubeide_1.10.1/stm32cubeide/plugins/com.st.stm32cube.ide.mcu.externaltools.gnu-tools-for-stm32.10.3-2021.10.win32_1.0.0.202111181127/tools/bin/../lib/gcc/arm-none-eabi/10.3.1/../../../../arm-none-eabi/lib/thumb/v6-m/nofp\libc_nano.a(lib_a-lock.o)
                0x0000000008008230                __retarget_lock_init_recursive
 .text.__retarget_lock_acquire_recursive
                0x0000000008008232        0x2 d:/programs/programming/stm32cube/stm32cubeide_1.10.1/stm32cubeide/plugins/com.st.stm32cube.ide.mcu.externaltools.gnu-tools-for-stm32.10.3-2021.10.win32_1.0.0.202111181127/tools/bin/../lib/gcc/arm-none-eabi/10.3.1/../../../../arm-none-eabi/lib/thumb/v6-m/nofp\libc_nano.a(lib_a-lock.o)
                0x0000000008008232                __retarget_lock_acquire_recursive
 .text.__retarget_lock_release_recursive
                0x0000000008008234        0x2 d:/programs/programming/stm32cube/stm32cubeide_1.10.1/stm32cubeide/plugins/com.st.stm32cube.ide.mcu.externaltools.gnu-tools-for-stm32.10.3-2021.10.win32_1.0.0.202111181127/tools/bin/../lib/gcc/arm-none-eabi/10.3.1/../../../../arm-none-eabi/lib/thumb/v6-m/nofp\libc_nano.a(lib_a-lock.o)
                0x0000000008008234                __retarget_lock_release_recursive
 *fill*         0x0000000008008236        0x2 
 .text.__swhatbuf_r
                0x0000000008008238       0x50 d:/programs/programming/stm32cube/stm32cubeide_1.10.1/stm32cubeide/plugins/com.st.stm32cube.ide.mcu.externaltools.gnu-tools-for-stm32.10.3-2021.10.win32_1.0.0.202111181127/tools/bin/../lib/gcc/arm-none-eabi/10.3.1/../../../../arm-none-eabi/lib/thumb/v6-m/nofp\libc_nano.a(lib_a-makebuf.o)
                0x0000000008008238                __swhatbuf_r
 .text.__smakebuf_r
                0x0000000008008288       0x88 d:/programs/programming/stm32cube/stm32cubeide_1.10.1/stm32cubeide/plugins/com.st.stm32cube.ide.mcu.externaltools.gnu-tools-for-stm32.10.3-2021.10.win32_1.0.0.202111181127/tools/bin/../lib/gcc/arm-none-eabi/10.3.1/../../../../arm-none-eabi/lib/thumb/v6-m/nofp\libc_nano.a(lib_a-makebuf.o)
                0x0000000008008288                __smakebuf_r
 .text._free_r  0x0000000008008310       0x94 d:/programs/programming/stm32cube/stm32cubeide_1.10.1/stm32cubeide/plugins/com.st.stm32cube.ide.mcu.externaltools.gnu-tools-for-stm32.10.3-2021.10.win32_1.0.0.202111181127/tools/bin/../lib/gcc/arm-none-eabi/10.3.1/../../../../arm-none-eabi/lib/thumb/v6-m/nofp\libc_nano.a(lib_a-nano-freer.o)
                0x0000000008008310                _free_r
 .text.sbrk_aligned
                0x00000000080083a4       0x44 d:/programs/programming/stm32cube/stm32cubeide_1.10.1/stm32cubeide/plugins/com.st.stm32cube.ide.mcu.externaltools.gnu-tools-for-stm32.10.3-2021.10.win32_1.0.0.202111181127/tools/bin/../lib/gcc/arm-none-eabi/10.3.1/../../../../arm-none-eabi/lib/thumb/v6-m/nofp\libc_nano.a(lib_a-nano-mallocr.o)
 .text._malloc_r
                0x00000000080083e8       0xec d:/programs/programming/stm32cube/stm32cubeide_1.10.1/stm32cubeide/plugins/com.st.stm32cube.ide.mcu.externaltools.gnu-tools-for-stm32.10.3-2021.10.win32_1.0.0.202111181127/tools/bin/../lib/gcc/arm-none-eabi/10.3.1/../../../../arm-none-eabi/lib/thumb/v6-m/nofp\libc_nano.a(lib_a-nano-mallocr.o)
                0x00000000080083e8                _malloc_r
 .text.__sfputc_r
                0x00000000080084d4       0x2a d:/programs/programming/stm32cube/stm32cubeide_1.10.1/stm32cubeide/plugins/com.st.stm32cube.ide.mcu.externaltools.gnu-tools-for-stm32.10.3-2021.10.win32_1.0.0.202111181127/tools/bin/../lib/gcc/arm-none-eabi/10.3.1/../../../../arm-none-eabi/lib/thumb/v6-m/nofp\libc_nano.a(lib_a-nano-vfprintf.o)
 .text.__sfputs_r
                0x00000000080084fe       0x24 d:/programs/programming/stm32cube/stm32cubeide_1.10.1/stm32cubeide/plugins/com.st.stm32cube.ide.mcu.externaltools.gnu-tools-for-stm32.10.3-2021.10.win32_1.0.0.202111181127/tools/bin/../lib/gcc/arm-none-eabi/10.3.1/../../../../arm-none-eabi/lib/thumb/v6-m/nofp\libc_nano.a(lib_a-nano-vfprintf.o)
                0x00000000080084fe                __sfputs_r
 *fill*         0x0000000008008522        0x2 
 .text._vfprintf_r
                0x0000000008008524      0x274 d:/programs/programming/stm32cube/stm32cubeide_1.10.1/stm32cubeide/plugins/com.st.stm32cube.ide.mcu.externaltools.gnu-tools-for-stm32.10.3-2021.10.win32_1.0.0.202111181127/tools/bin/../lib/gcc/arm-none-eabi/10.3.1/../../../../arm-none-eabi/lib/thumb/v6-m/nofp\libc_nano.a(lib_a-nano-vfprintf.o)
                0x0000000008008524                _vfprintf_r
                0x0000000008008524                _vfiprintf_r
 .text._printf_common
                0x0000000008008798       0xde d:/programs/programming/stm32cube/stm32cubeide_1.10.1/stm32cubeide/plugins/com.st.stm32cube.ide.mcu.externaltools.gnu-tools-for-stm32.10.3-2021.10.win32_1.0.0.202111181127/tools/bin/../lib/gcc/arm-none-eabi/10.3.1/../../../../arm-none-eabi/lib/thumb/v6-m/nofp\libc_nano.a(lib_a-nano-vfprintf_i.o)
                0x0000000008008798                _printf_common
 *fill*         0x0000000008008876        0x2 
 .text._printf_i
                0x0000000008008878      0x224 d:/programs/programming/stm32cube/stm32cubeide_1.10.1/stm32cubeide/plugins/com.st.stm32cube.ide.mcu.externaltools.gnu-tools-for-stm32.10.3-2021.10.win32_1.0.0.202111181127/tools/bin/../lib/gcc/arm-none-eabi/10.3.1/../../../../arm-none-eabi/lib/thumb/v6-m/nofp\libc_nano.a(lib_a-nano-vfprintf_i.o)
                0x0000000008008878                _printf_i
 .text._sbrk_r  0x0000000008008a9c       0x24 d:/programs/programming/stm32cube/stm32cubeide_1.10.1/stm32cubeide/plugins/com.st.stm32cube.ide.mcu.externaltools.gnu-tools-for-stm32.10.3-2021.10.win32_1.0.0.202111181127/tools/bin/../lib/gcc/arm-none-eabi/10.3.1/../../../../arm-none-eabi/lib/thumb/v6-m/nofp\libc_nano.a(lib_a-sbrkr.o)
                0x0000000008008a9c                _sbrk_r
 .text.__sread  0x0000000008008ac0       0x28 d:/programs/programming/stm32cube/stm32cubeide_1.10.1/stm32cubeide/plugins/com.st.stm32cube.ide.mcu.externaltools.gnu-tools-for-stm32.10.3-2021.10.win32_1.0.0.202111181127/tools/bin/../lib/gcc/arm-none-eabi/10.3.1/../../../../arm-none-eabi/lib/thumb/v6-m/nofp\libc_nano.a(lib_a-stdio.o)
                0x0000000008008ac0                __sread
 .text.__swrite
                0x0000000008008ae8       0x38 d:/programs/programming/stm32cube/stm32cubeide_1.10.1/stm32cubeide/plugins/com.st.stm32cube.ide.mcu.externaltools.gnu-tools-for-stm32.10.3-2021.10.win32_1.0.0.202111181127/tools/bin/../lib/gcc/arm-none-eabi/10.3.1/../../../../arm-none-eabi/lib/thumb/v6-m/nofp\libc_nano.a(lib_a-stdio.o)
                0x0000000008008ae8                __swrite
 .text.__sseek  0x0000000008008b20       0x2c d:/programs/programming/stm32cube/stm32cubeide_1.10.1/stm32cubeide/plugins/com.st.stm32cube.ide.mcu.externaltools.gnu-tools-for-stm32.10.3-2021.10.win32_1.0.0.202111181127/tools/bin/../lib/gcc/arm-none-eabi/10.3.1/../../../../arm-none-eabi/lib/thumb/v6-m/nofp\libc_nano.a(lib_a-stdio.o)
                0x0000000008008b20                __sseek
 .text.__sclose
                0x0000000008008b4c        0xc d:/programs/programming/stm32cube/stm32cubeide_1.10.1/stm32cubeide/plugins/com.st.stm32cube.ide.mcu.externaltools.gnu-tools-for-stm32.10.3-2021.10.win32_1.0.0.202111181127/tools/bin/../lib/gcc/arm-none-eabi/10.3.1/../../../../arm-none-eabi/lib/thumb/v6-m/nofp\libc_nano.a(lib_a-stdio.o)
                0x0000000008008b4c                __sclose
 .text._write_r
                0x0000000008008b58       0x28 d:/programs/programming/stm32cube/stm32cubeide_1.10.1/stm32cubeide/plugins/com.st.stm32cube.ide.mcu.externaltools.gnu-tools-for-stm32.10.3-2021.10.win32_1.0.0.202111181127/tools/bin/../lib/gcc/arm-none-eabi/10.3.1/../../../../arm-none-eabi/lib/thumb/v6-m/nofp\libc_nano.a(lib_a-writer.o)
                0x0000000008008b58                _write_r
 .text._close_r
                0x0000000008008b80       0x24 d:/programs/programming/stm32cube/stm32cubeide_1.10.1/stm32cubeide/plugins/com.st.stm32cube.ide.mcu.externaltools.gnu-tools-for-stm32.10.3-2021.10.win32_1.0.0.202111181127/tools/bin/../lib/gcc/arm-none-eabi/10.3.1/../../../../arm-none-eabi/lib/thumb/v6-m/nofp\libc_nano.a(lib_a-closer.o)
                0x0000000008008b80                _close_r
 .text._fstat_r
                0x0000000008008ba4       0x24 d:/programs/programming/stm32cube/stm32cubeide_1.10.1/stm32cubeide/plugins/com.st.stm32cube.ide.mcu.externaltools.gnu-tools-for-stm32.10.3-2021.10.win32_1.0.0.202111181127/tools/bin/../lib/gcc/arm-none-eabi/10.3.1/../../../../arm-none-eabi/lib/thumb/v6-m/nofp\libc_nano.a(lib_a-fstatr.o)
                0x0000000008008ba4                _fstat_r
 .text._isatty_r
                0x0000000008008bc8       0x24 d:/programs/programming/stm32cube/stm32cubeide_1.10.1/stm32cubeide/plugins/com.st.stm32cube.ide.mcu.externaltools.gnu-tools-for-stm32.10.3-2021.10.win32_1.0.0.202111181127/tools/bin/../lib/gcc/arm-none-eabi/10.3.1/../../../../arm-none-eabi/lib/thumb/v6-m/nofp\libc_nano.a(lib_a-isattyr.o)
                0x0000000008008bc8                _isatty_r
 .text._lseek_r
                0x0000000008008bec       0x28 d:/programs/programming/stm32cube/stm32cubeide_1.10.1/stm32cubeide/plugins/com.st.stm32cube.ide.mcu.externaltools.gnu-tools-for-stm32.10.3-2021.10.win32_1.0.0.202111181127/tools/bin/../lib/gcc/arm-none-eabi/10.3.1/../../../../arm-none-eabi/lib/thumb/v6-m/nofp\libc_nano.a(lib_a-lseekr.o)
                0x0000000008008bec                _lseek_r
 .text.memchr   0x0000000008008c14       0x16 d:/programs/programming/stm32cube/stm32cubeide_1.10.1/stm32cubeide/plugins/com.st.stm32cube.ide.mcu.externaltools.gnu-tools-for-stm32.10.3-2021.10.win32_1.0.0.202111181127/tools/bin/../lib/gcc/arm-none-eabi/10.3.1/../../../../arm-none-eabi/lib/thumb/v6-m/nofp\libc_nano.a(lib_a-memchr-stub.o)
                0x0000000008008c14                memchr
 *fill*         0x0000000008008c2a        0x2 
 .text.__malloc_lock
                0x0000000008008c2c       0x10 d:/programs/programming/stm32cube/stm32cubeide_1.10.1/stm32cubeide/plugins/com.st.stm32cube.ide.mcu.externaltools.gnu-tools-for-stm32.10.3-2021.10.win32_1.0.0.202111181127/tools/bin/../lib/gcc/arm-none-eabi/10.3.1/../../../../arm-none-eabi/lib/thumb/v6-m/nofp\libc_nano.a(lib_a-mlock.o)
                0x0000000008008c2c                __malloc_lock
 .text.__malloc_unlock
                0x0000000008008c3c       0x10 d:/programs/programming/stm32cube/stm32cubeide_1.10.1/stm32cubeide/plugins/com.st.stm32cube.ide.mcu.externaltools.gnu-tools-for-stm32.10.3-2021.10.win32_1.0.0.202111181127/tools/bin/../lib/gcc/arm-none-eabi/10.3.1/../../../../arm-none-eabi/lib/thumb/v6-m/nofp\libc_nano.a(lib_a-mlock.o)
                0x0000000008008c3c                __malloc_unlock
 .text._read_r  0x0000000008008c4c       0x28 d:/programs/programming/stm32cube/stm32cubeide_1.10.1/stm32cubeide/plugins/com.st.stm32cube.ide.mcu.externaltools.gnu-tools-for-stm32.10.3-2021.10.win32_1.0.0.202111181127/tools/bin/../lib/gcc/arm-none-eabi/10.3.1/../../../../arm-none-eabi/lib/thumb/v6-m/nofp\libc_nano.a(lib_a-readr.o)
                0x0000000008008c4c                _read_r
 *(.glue_7)
 .glue_7        0x0000000008008c74        0x0 linker stubs
 *(.glue_7t)
 .glue_7t       0x0000000008008c74        0x0 linker stubs
 *(.eh_frame)
 .eh_frame      0x0000000008008c74        0x0 d:/programs/programming/stm32cube/stm32cubeide_1.10.1/stm32cubeide/plugins/com.st.stm32cube.ide.mcu.externaltools.gnu-tools-for-stm32.10.3-2021.10.win32_1.0.0.202111181127/tools/bin/../lib/gcc/arm-none-eabi/10.3.1/thumb/v6-m/nofp/crtbegin.o
 *(.init)
 .init          0x0000000008008c74        0x4 d:/programs/programming/stm32cube/stm32cubeide_1.10.1/stm32cubeide/plugins/com.st.stm32cube.ide.mcu.externaltools.gnu-tools-for-stm32.10.3-2021.10.win32_1.0.0.202111181127/tools/bin/../lib/gcc/arm-none-eabi/10.3.1/thumb/v6-m/nofp/crti.o
                0x0000000008008c74                _init
 .init          0x0000000008008c78        0x8 d:/programs/programming/stm32cube/stm32cubeide_1.10.1/stm32cubeide/plugins/com.st.stm32cube.ide.mcu.externaltools.gnu-tools-for-stm32.10.3-2021.10.win32_1.0.0.202111181127/tools/bin/../lib/gcc/arm-none-eabi/10.3.1/thumb/v6-m/nofp/crtn.o
 *(.fini)
 .fini          0x0000000008008c80        0x4 d:/programs/programming/stm32cube/stm32cubeide_1.10.1/stm32cubeide/plugins/com.st.stm32cube.ide.mcu.externaltools.gnu-tools-for-stm32.10.3-2021.10.win32_1.0.0.202111181127/tools/bin/../lib/gcc/arm-none-eabi/10.3.1/thumb/v6-m/nofp/crti.o
                0x0000000008008c80                _fini
 .fini          0x0000000008008c84        0x8 d:/programs/programming/stm32cube/stm32cubeide_1.10.1/stm32cubeide/plugins/com.st.stm32cube.ide.mcu.externaltools.gnu-tools-for-stm32.10.3-2021.10.win32_1.0.0.202111181127/tools/bin/../lib/gcc/arm-none-eabi/10.3.1/thumb/v6-m/nofp/crtn.o
                0x0000000008008c8c                . = ALIGN (0x4)
                0x0000000008008c8c                _etext = .

.vfp11_veneer   0x0000000008008c8c        0x0
 .vfp11_veneer  0x0000000008008c8c        0x0 linker stubs

.v4_bx          0x0000000008008c8c        0x0
 .v4_bx         0x0000000008008c8c        0x0 linker stubs

.iplt           0x0000000008008c8c        0x0
 .iplt          0x0000000008008c8c        0x0 d:/programs/programming/stm32cube/stm32cubeide_1.10.1/stm32cubeide/plugins/com.st.stm32cube.ide.mcu.externaltools.gnu-tools-for-stm32.10.3-2021.10.win32_1.0.0.202111181127/tools/bin/../lib/gcc/arm-none-eabi/10.3.1/thumb/v6-m/nofp/crtbegin.o

.rodata         0x0000000008008c8c      0x3a4
                0x0000000008008c8c                . = ALIGN (0x4)
 *(.rodata)
 .rodata        0x0000000008008c8c      0x1cd ./Core/Src/main.o
 *fill*         0x0000000008008e59        0x3 
 .rodata        0x0000000008008e5c       0x20 ./Drivers/STM32F0xx_HAL_Driver/Src/stm32f0xx_hal_rcc.o
 .rodata        0x0000000008008e7c       0x12 ./Libs/WIZnet/Internet/DHCP/dhcp.o
 *(.rodata*)
 *fill*         0x0000000008008e8e        0x2 
 .rodata.AHBPrescTable
                0x0000000008008e90       0x10 ./Core/Src/system_stm32f0xx.o
                0x0000000008008e90                AHBPrescTable
 .rodata.APBPrescTable
                0x0000000008008ea0        0x8 ./Core/Src/system_stm32f0xx.o
                0x0000000008008ea0                APBPrescTable
 .rodata.parseDHCPMSG
                0x0000000008008ea8       0xdc ./Libs/WIZnet/Internet/DHCP/dhcp.o
 .rodata.DHCP_run
                0x0000000008008f84       0x14 ./Libs/WIZnet/Internet/DHCP/dhcp.o
 .rodata._global_impure_ptr
                0x0000000008008f98        0x4 d:/programs/programming/stm32cube/stm32cubeide_1.10.1/stm32cubeide/plugins/com.st.stm32cube.ide.mcu.externaltools.gnu-tools-for-stm32.10.3-2021.10.win32_1.0.0.202111181127/tools/bin/../lib/gcc/arm-none-eabi/10.3.1/../../../../arm-none-eabi/lib/thumb/v6-m/nofp\libc_nano.a(lib_a-impure.o)
                0x0000000008008f98                _global_impure_ptr
 .rodata.__sf_fake_stderr
                0x0000000008008f9c       0x20 d:/programs/programming/stm32cube/stm32cubeide_1.10.1/stm32cubeide/plugins/com.st.stm32cube.ide.mcu.externaltools.gnu-tools-for-stm32.10.3-2021.10.win32_1.0.0.202111181127/tools/bin/../lib/gcc/arm-none-eabi/10.3.1/../../../../arm-none-eabi/lib/thumb/v6-m/nofp\libc_nano.a(lib_a-findfp.o)
                0x0000000008008f9c                __sf_fake_stderr
 .rodata.__sf_fake_stdin
                0x0000000008008fbc       0x20 d:/programs/programming/stm32cube/stm32cubeide_1.10.1/stm32cubeide/plugins/com.st.stm32cube.ide.mcu.externaltools.gnu-tools-for-stm32.10.3-2021.10.win32_1.0.0.202111181127/tools/bin/../lib/gcc/arm-none-eabi/10.3.1/../../../../arm-none-eabi/lib/thumb/v6-m/nofp\libc_nano.a(lib_a-findfp.o)
                0x0000000008008fbc                __sf_fake_stdin
 .rodata.__sf_fake_stdout
                0x0000000008008fdc       0x20 d:/programs/programming/stm32cube/stm32cubeide_1.10.1/stm32cubeide/plugins/com.st.stm32cube.ide.mcu.externaltools.gnu-tools-for-stm32.10.3-2021.10.win32_1.0.0.202111181127/tools/bin/../lib/gcc/arm-none-eabi/10.3.1/../../../../arm-none-eabi/lib/thumb/v6-m/nofp\libc_nano.a(lib_a-findfp.o)
                0x0000000008008fdc                __sf_fake_stdout
 .rodata._vfprintf_r.str1.1
                0x0000000008008ffc       0x11 d:/programs/programming/stm32cube/stm32cubeide_1.10.1/stm32cubeide/plugins/com.st.stm32cube.ide.mcu.externaltools.gnu-tools-for-stm32.10.3-2021.10.win32_1.0.0.202111181127/tools/bin/../lib/gcc/arm-none-eabi/10.3.1/../../../../arm-none-eabi/lib/thumb/v6-m/nofp\libc_nano.a(lib_a-nano-vfprintf.o)
 .rodata._printf_i.str1.1
                0x000000000800900d       0x22 d:/programs/programming/stm32cube/stm32cubeide_1.10.1/stm32cubeide/plugins/com.st.stm32cube.ide.mcu.externaltools.gnu-tools-for-stm32.10.3-2021.10.win32_1.0.0.202111181127/tools/bin/../lib/gcc/arm-none-eabi/10.3.1/../../../../arm-none-eabi/lib/thumb/v6-m/nofp\libc_nano.a(lib_a-nano-vfprintf_i.o)
                0x0000000008009030                . = ALIGN (0x4)
 *fill*         0x000000000800902f        0x1 

.rel.dyn        0x0000000008009030        0x0
 .rel.iplt      0x0000000008009030        0x0 d:/programs/programming/stm32cube/stm32cubeide_1.10.1/stm32cubeide/plugins/com.st.stm32cube.ide.mcu.externaltools.gnu-tools-for-stm32.10.3-2021.10.win32_1.0.0.202111181127/tools/bin/../lib/gcc/arm-none-eabi/10.3.1/thumb/v6-m/nofp/crtbegin.o

.ARM.extab      0x0000000008009030        0x0
                0x0000000008009030                . = ALIGN (0x4)
 *(.ARM.extab* .gnu.linkonce.armextab.*)
                0x0000000008009030                . = ALIGN (0x4)

.ARM            0x0000000008009030        0x0
                0x0000000008009030                . = ALIGN (0x4)
                0x0000000008009030                __exidx_start = .
 *(.ARM.exidx*)
                0x0000000008009030                __exidx_end = .
                0x0000000008009030                . = ALIGN (0x4)

.preinit_array  0x0000000008009030        0x0
                0x0000000008009030                . = ALIGN (0x4)
                0x0000000008009030                PROVIDE (__preinit_array_start = .)
 *(.preinit_array*)
                0x0000000008009030                PROVIDE (__preinit_array_end = .)
                0x0000000008009030                . = ALIGN (0x4)

.init_array     0x0000000008009030        0x4
                0x0000000008009030                . = ALIGN (0x4)
                0x0000000008009030                PROVIDE (__init_array_start = .)
 *(SORT_BY_NAME(.init_array.*))
 *(.init_array*)
 .init_array    0x0000000008009030        0x4 d:/programs/programming/stm32cube/stm32cubeide_1.10.1/stm32cubeide/plugins/com.st.stm32cube.ide.mcu.externaltools.gnu-tools-for-stm32.10.3-2021.10.win32_1.0.0.202111181127/tools/bin/../lib/gcc/arm-none-eabi/10.3.1/thumb/v6-m/nofp/crtbegin.o
                0x0000000008009034                PROVIDE (__init_array_end = .)
                0x0000000008009034                . = ALIGN (0x4)

.fini_array     0x0000000008009034        0x4
                0x0000000008009034                . = ALIGN (0x4)
                [!provide]                        PROVIDE (__fini_array_start = .)
 *(SORT_BY_NAME(.fini_array.*))
 *(.fini_array*)
 .fini_array    0x0000000008009034        0x4 d:/programs/programming/stm32cube/stm32cubeide_1.10.1/stm32cubeide/plugins/com.st.stm32cube.ide.mcu.externaltools.gnu-tools-for-stm32.10.3-2021.10.win32_1.0.0.202111181127/tools/bin/../lib/gcc/arm-none-eabi/10.3.1/thumb/v6-m/nofp/crtbegin.o
                [!provide]                        PROVIDE (__fini_array_end = .)
                0x0000000008009038                . = ALIGN (0x4)
                0x0000000008009038                _sidata = LOADADDR (.data)

.data           0x0000000020000000       0xb8 load address 0x0000000008009038
                0x0000000020000000                . = ALIGN (0x4)
                0x0000000020000000                _sdata = .
 *(.data)
 *(.data*)
 .data.SystemCoreClock
                0x0000000020000000        0x4 ./Core/Src/system_stm32f0xx.o
                0x0000000020000000                SystemCoreClock
 .data.uwTickPrio
                0x0000000020000004        0x4 ./Drivers/STM32F0xx_HAL_Driver/Src/stm32f0xx_hal.o
                0x0000000020000004                uwTickPrio
 .data.uwTickFreq
                0x0000000020000008        0x1 ./Drivers/STM32F0xx_HAL_Driver/Src/stm32f0xx_hal.o
                0x0000000020000008                uwTickFreq
 *fill*         0x0000000020000009        0x1 
 .data.sock_any_port
                0x000000002000000a        0x2 ./Libs/WIZnet/Ethernet/socket.o
 .data.WIZCHIP  0x000000002000000c       0x2c ./Libs/WIZnet/Ethernet/wizchip_conf.o
                0x000000002000000c                WIZCHIP
 .data.dhcp_lease_time
                0x0000000020000038        0x4 ./Libs/WIZnet/Internet/DHCP/dhcp.o
                0x0000000020000038                dhcp_lease_time
 .data.dhcp_tick_next
                0x000000002000003c        0x4 ./Libs/WIZnet/Internet/DHCP/dhcp.o
                0x000000002000003c                dhcp_tick_next
 .data.HOST_NAME
                0x0000000020000040        0x8 ./Libs/WIZnet/Internet/DHCP/dhcp.o
                0x0000000020000040                HOST_NAME
 .data.dhcp_ip_assign
                0x0000000020000048        0x4 ./Libs/WIZnet/Internet/DHCP/dhcp.o
                0x0000000020000048                dhcp_ip_assign
 .data.dhcp_ip_update
                0x000000002000004c        0x4 ./Libs/WIZnet/Internet/DHCP/dhcp.o
                0x000000002000004c                dhcp_ip_update
 .data.dhcp_ip_conflict
                0x0000000020000050        0x4 ./Libs/WIZnet/Internet/DHCP/dhcp.o
                0x0000000020000050                dhcp_ip_conflict
 .data._impure_ptr
                0x0000000020000054        0x4 d:/programs/programming/stm32cube/stm32cubeide_1.10.1/stm32cubeide/plugins/com.st.stm32cube.ide.mcu.externaltools.gnu-tools-for-stm32.10.3-2021.10.win32_1.0.0.202111181127/tools/bin/../lib/gcc/arm-none-eabi/10.3.1/../../../../arm-none-eabi/lib/thumb/v6-m/nofp\libc_nano.a(lib_a-impure.o)
                0x0000000020000054                _impure_ptr
 .data.impure_data
                0x0000000020000058       0x60 d:/programs/programming/stm32cube/stm32cubeide_1.10.1/stm32cubeide/plugins/com.st.stm32cube.ide.mcu.externaltools.gnu-tools-for-stm32.10.3-2021.10.win32_1.0.0.202111181127/tools/bin/../lib/gcc/arm-none-eabi/10.3.1/../../../../arm-none-eabi/lib/thumb/v6-m/nofp\libc_nano.a(lib_a-impure.o)
 *(.RamFunc)
 *(.RamFunc*)
                0x00000000200000b8                . = ALIGN (0x4)
                0x00000000200000b8                _edata = .

.igot.plt       0x00000000200000b8        0x0 load address 0x00000000080090f0
 .igot.plt      0x00000000200000b8        0x0 d:/programs/programming/stm32cube/stm32cubeide_1.10.1/stm32cubeide/plugins/com.st.stm32cube.ide.mcu.externaltools.gnu-tools-for-stm32.10.3-2021.10.win32_1.0.0.202111181127/tools/bin/../lib/gcc/arm-none-eabi/10.3.1/thumb/v6-m/nofp/crtbegin.o
                0x00000000200000b8                . = ALIGN (0x4)

.bss            0x00000000200000b8      0x610 load address 0x00000000080090f0
                0x00000000200000b8                _sbss = .
                0x00000000200000b8                __bss_start__ = _sbss
 *(.bss)
 .bss           0x00000000200000b8       0x1c d:/programs/programming/stm32cube/stm32cubeide_1.10.1/stm32cubeide/plugins/com.st.stm32cube.ide.mcu.externaltools.gnu-tools-for-stm32.10.3-2021.10.win32_1.0.0.202111181127/tools/bin/../lib/gcc/arm-none-eabi/10.3.1/thumb/v6-m/nofp/crtbegin.o
 *(.bss*)
 .bss.hspi2     0x00000000200000d4       0x64 ./Core/Src/main.o
                0x00000000200000d4                hspi2
 .bss.htim1     0x0000000020000138       0x48 ./Core/Src/main.o
                0x0000000020000138                htim1
 .bss.htim3     0x0000000020000180       0x48 ./Core/Src/main.o
                0x0000000020000180                htim3
 .bss.huart1    0x00000000200001c8       0x84 ./Core/Src/main.o
                0x00000000200001c8                huart1
 .bss.dhcp_buffer
                0x000000002000024c      0x400 ./Core/Src/main.o
                0x000000002000024c                dhcp_buffer
 .bss.ip_assigned
                0x000000002000064c        0x1 ./Core/Src/main.o
 *fill*         0x000000002000064d        0x3 
 .bss.seconds.0
                0x0000000020000650        0x4 ./Core/Src/main.o
 .bss.ticks.0   0x0000000020000654        0x2 ./Core/Src/stm32f0xx_it.o
 *fill*         0x0000000020000656        0x2 
 .bss.__sbrk_heap_end
                0x0000000020000658        0x4 ./Core/Src/sysmem.o
 .bss.uwTick    0x000000002000065c        0x4 ./Drivers/STM32F0xx_HAL_Driver/Src/stm32f0xx_hal.o
                0x000000002000065c                uwTick
 .bss.sock_io_mode
                0x0000000020000660        0x2 ./Libs/WIZnet/Ethernet/socket.o
 .bss.sock_is_sending
                0x0000000020000662        0x2 ./Libs/WIZnet/Ethernet/socket.o
 .bss.sock_remained_size
                0x0000000020000664       0x10 ./Libs/WIZnet/Ethernet/socket.o
 .bss.sock_pack_info
                0x0000000020000674        0x8 ./Libs/WIZnet/Ethernet/socket.o
                0x0000000020000674                sock_pack_info
 .bss._DNS_     0x000000002000067c        0x4 ./Libs/WIZnet/Ethernet/wizchip_conf.o
 .bss._DHCP_    0x0000000020000680        0x1 ./Libs/WIZnet/Ethernet/wizchip_conf.o
 .bss.DHCP_SOCKET
                0x0000000020000681        0x1 ./Libs/WIZnet/Internet/DHCP/dhcp.o
                0x0000000020000681                DHCP_SOCKET
 *fill*         0x0000000020000682        0x2 
 .bss.DHCP_SIP  0x0000000020000684        0x4 ./Libs/WIZnet/Internet/DHCP/dhcp.o
                0x0000000020000684                DHCP_SIP
 .bss.DHCP_REAL_SIP
                0x0000000020000688        0x4 ./Libs/WIZnet/Internet/DHCP/dhcp.o
                0x0000000020000688                DHCP_REAL_SIP
 .bss.OLD_allocated_ip
                0x000000002000068c        0x4 ./Libs/WIZnet/Internet/DHCP/dhcp.o
                0x000000002000068c                OLD_allocated_ip
 .bss.DHCP_allocated_ip
                0x0000000020000690        0x4 ./Libs/WIZnet/Internet/DHCP/dhcp.o
                0x0000000020000690                DHCP_allocated_ip
 .bss.DHCP_allocated_gw
                0x0000000020000694        0x4 ./Libs/WIZnet/Internet/DHCP/dhcp.o
                0x0000000020000694                DHCP_allocated_gw
 .bss.DHCP_allocated_sn
                0x0000000020000698        0x4 ./Libs/WIZnet/Internet/DHCP/dhcp.o
                0x0000000020000698                DHCP_allocated_sn
 .bss.DHCP_allocated_dns
                0x000000002000069c        0x4 ./Libs/WIZnet/Internet/DHCP/dhcp.o
                0x000000002000069c                DHCP_allocated_dns
 .bss.dhcp_state
                0x00000000200006a0        0x1 ./Libs/WIZnet/Internet/DHCP/dhcp.o
                0x00000000200006a0                dhcp_state
 .bss.dhcp_retry_count
                0x00000000200006a1        0x1 ./Libs/WIZnet/Internet/DHCP/dhcp.o
                0x00000000200006a1                dhcp_retry_count
 *fill*         0x00000000200006a2        0x2 
 .bss.dhcp_tick_1s
                0x00000000200006a4        0x4 ./Libs/WIZnet/Internet/DHCP/dhcp.o
                0x00000000200006a4                dhcp_tick_1s
 .bss.DHCP_XID  0x00000000200006a8        0x4 ./Libs/WIZnet/Internet/DHCP/dhcp.o
                0x00000000200006a8                DHCP_XID
 .bss.pDHCPMSG  0x00000000200006ac        0x4 ./Libs/WIZnet/Internet/DHCP/dhcp.o
                0x00000000200006ac                pDHCPMSG
 .bss.DHCP_CHADDR
                0x00000000200006b0        0x6 ./Libs/WIZnet/Internet/DHCP/dhcp.o
                0x00000000200006b0                DHCP_CHADDR
 .bss.__lock___malloc_recursive_mutex
                0x00000000200006b6        0x1 d:/programs/programming/stm32cube/stm32cubeide_1.10.1/stm32cubeide/plugins/com.st.stm32cube.ide.mcu.externaltools.gnu-tools-for-stm32.10.3-2021.10.win32_1.0.0.202111181127/tools/bin/../lib/gcc/arm-none-eabi/10.3.1/../../../../arm-none-eabi/lib/thumb/v6-m/nofp\libc_nano.a(lib_a-lock.o)
                0x00000000200006b6                __lock___malloc_recursive_mutex
 .bss.__lock___sfp_recursive_mutex
                0x00000000200006b7        0x1 d:/programs/programming/stm32cube/stm32cubeide_1.10.1/stm32cubeide/plugins/com.st.stm32cube.ide.mcu.externaltools.gnu-tools-for-stm32.10.3-2021.10.win32_1.0.0.202111181127/tools/bin/../lib/gcc/arm-none-eabi/10.3.1/../../../../arm-none-eabi/lib/thumb/v6-m/nofp\libc_nano.a(lib_a-lock.o)
                0x00000000200006b7                __lock___sfp_recursive_mutex
 .bss.__lock___sinit_recursive_mutex
                0x00000000200006b8        0x1 d:/programs/programming/stm32cube/stm32cubeide_1.10.1/stm32cubeide/plugins/com.st.stm32cube.ide.mcu.externaltools.gnu-tools-for-stm32.10.3-2021.10.win32_1.0.0.202111181127/tools/bin/../lib/gcc/arm-none-eabi/10.3.1/../../../../arm-none-eabi/lib/thumb/v6-m/nofp\libc_nano.a(lib_a-lock.o)
                0x00000000200006b8                __lock___sinit_recursive_mutex
 *fill*         0x00000000200006b9        0x3 
 .bss.__malloc_free_list
                0x00000000200006bc        0x4 d:/programs/programming/stm32cube/stm32cubeide_1.10.1/stm32cubeide/plugins/com.st.stm32cube.ide.mcu.externaltools.gnu-tools-for-stm32.10.3-2021.10.win32_1.0.0.202111181127/tools/bin/../lib/gcc/arm-none-eabi/10.3.1/../../../../arm-none-eabi/lib/thumb/v6-m/nofp\libc_nano.a(lib_a-nano-mallocr.o)
                0x00000000200006bc                __malloc_free_list
 .bss.__malloc_sbrk_start
                0x00000000200006c0        0x4 d:/programs/programming/stm32cube/stm32cubeide_1.10.1/stm32cubeide/plugins/com.st.stm32cube.ide.mcu.externaltools.gnu-tools-for-stm32.10.3-2021.10.win32_1.0.0.202111181127/tools/bin/../lib/gcc/arm-none-eabi/10.3.1/../../../../arm-none-eabi/lib/thumb/v6-m/nofp\libc_nano.a(lib_a-nano-mallocr.o)
                0x00000000200006c0                __malloc_sbrk_start
 .bss.errno     0x00000000200006c4        0x4 d:/programs/programming/stm32cube/stm32cubeide_1.10.1/stm32cubeide/plugins/com.st.stm32cube.ide.mcu.externaltools.gnu-tools-for-stm32.10.3-2021.10.win32_1.0.0.202111181127/tools/bin/../lib/gcc/arm-none-eabi/10.3.1/../../../../arm-none-eabi/lib/thumb/v6-m/nofp\libc_nano.a(lib_a-reent.o)
                0x00000000200006c4                errno
 *(COMMON)
                0x00000000200006c8                . = ALIGN (0x4)
                0x00000000200006c8                _ebss = .
                0x00000000200006c8                __bss_end__ = _ebss

._user_heap_stack
                0x00000000200006c8      0x600 load address 0x00000000080090f0
                0x00000000200006c8                . = ALIGN (0x8)
                [!provide]                        PROVIDE (end = .)
                0x00000000200006c8                PROVIDE (_end = .)
                0x00000000200008c8                . = (. + _Min_Heap_Size)
 *fill*         0x00000000200006c8      0x200 
                0x0000000020000cc8                . = (. + _Min_Stack_Size)
 *fill*         0x00000000200008c8      0x400 
                0x0000000020000cc8                . = ALIGN (0x8)

/DISCARD/
 libc.a(*)
 libm.a(*)
 libgcc.a(*)

.ARM.attributes
                0x0000000000000000       0x28
 *(.ARM.attributes)
 .ARM.attributes
                0x0000000000000000       0x1e d:/programs/programming/stm32cube/stm32cubeide_1.10.1/stm32cubeide/plugins/com.st.stm32cube.ide.mcu.externaltools.gnu-tools-for-stm32.10.3-2021.10.win32_1.0.0.202111181127/tools/bin/../lib/gcc/arm-none-eabi/10.3.1/thumb/v6-m/nofp/crti.o
 .ARM.attributes
                0x000000000000001e       0x2c d:/programs/programming/stm32cube/stm32cubeide_1.10.1/stm32cubeide/plugins/com.st.stm32cube.ide.mcu.externaltools.gnu-tools-for-stm32.10.3-2021.10.win32_1.0.0.202111181127/tools/bin/../lib/gcc/arm-none-eabi/10.3.1/thumb/v6-m/nofp/crtbegin.o
 .ARM.attributes
                0x000000000000004a       0x2c ./Core/Src/main.o
 .ARM.attributes
                0x0000000000000076       0x2c ./Core/Src/stm32f0xx_hal_msp.o
 .ARM.attributes
                0x00000000000000a2       0x2c ./Core/Src/stm32f0xx_it.o
 .ARM.attributes
                0x00000000000000ce       0x2c ./Core/Src/syscalls.o
 .ARM.attributes
                0x00000000000000fa       0x2c ./Core/Src/sysmem.o
 .ARM.attributes
                0x0000000000000126       0x2c ./Core/Src/system_stm32f0xx.o
 .ARM.attributes
                0x0000000000000152       0x21 ./Core/Startup/startup_stm32f030r8tx.o
 .ARM.attributes
                0x0000000000000173       0x2c ./Drivers/STM32F0xx_HAL_Driver/Src/stm32f0xx_hal.o
 .ARM.attributes
                0x000000000000019f       0x2c ./Drivers/STM32F0xx_HAL_Driver/Src/stm32f0xx_hal_cortex.o
 .ARM.attributes
                0x00000000000001cb       0x2c ./Drivers/STM32F0xx_HAL_Driver/Src/stm32f0xx_hal_dma.o
 .ARM.attributes
                0x00000000000001f7       0x2c ./Drivers/STM32F0xx_HAL_Driver/Src/stm32f0xx_hal_gpio.o
 .ARM.attributes
                0x0000000000000223       0x2c ./Drivers/STM32F0xx_HAL_Driver/Src/stm32f0xx_hal_rcc.o
 .ARM.attributes
                0x000000000000024f       0x2c ./Drivers/STM32F0xx_HAL_Driver/Src/stm32f0xx_hal_rcc_ex.o
 .ARM.attributes
                0x000000000000027b       0x2c ./Drivers/STM32F0xx_HAL_Driver/Src/stm32f0xx_hal_spi.o
 .ARM.attributes
                0x00000000000002a7       0x2c ./Drivers/STM32F0xx_HAL_Driver/Src/stm32f0xx_hal_tim.o
 .ARM.attributes
                0x00000000000002d3       0x2c ./Drivers/STM32F0xx_HAL_Driver/Src/stm32f0xx_hal_tim_ex.o
 .ARM.attributes
                0x00000000000002ff       0x2c ./Drivers/STM32F0xx_HAL_Driver/Src/stm32f0xx_hal_uart.o
 .ARM.attributes
                0x000000000000032b       0x2c ./Libs/WIZnet/Ethernet/W5500/w5500.o
 .ARM.attributes
                0x0000000000000357       0x2c ./Libs/WIZnet/Ethernet/socket.o
 .ARM.attributes
                0x0000000000000383       0x2c ./Libs/WIZnet/Ethernet/wizchip_conf.o
 .ARM.attributes
                0x00000000000003af       0x2c ./Libs/WIZnet/Internet/DHCP/dhcp.o
 .ARM.attributes
                0x00000000000003db       0x2c d:/programs/programming/stm32cube/stm32cubeide_1.10.1/stm32cubeide/plugins/com.st.stm32cube.ide.mcu.externaltools.gnu-tools-for-stm32.10.3-2021.10.win32_1.0.0.202111181127/tools/bin/../lib/gcc/arm-none-eabi/10.3.1/../../../../arm-none-eabi/lib/thumb/v6-m/nofp\libc_nano.a(lib_a-errno.o)
 .ARM.attributes
                0x0000000000000407       0x2c d:/programs/programming/stm32cube/stm32cubeide_1.10.1/stm32cubeide/plugins/com.st.stm32cube.ide.mcu.externaltools.gnu-tools-for-stm32.10.3-2021.10.win32_1.0.0.202111181127/tools/bin/../lib/gcc/arm-none-eabi/10.3.1/../../../../arm-none-eabi/lib/thumb/v6-m/nofp\libc_nano.a(lib_a-impure.o)
 .ARM.attributes
                0x0000000000000433       0x2c d:/programs/programming/stm32cube/stm32cubeide_1.10.1/stm32cubeide/plugins/com.st.stm32cube.ide.mcu.externaltools.gnu-tools-for-stm32.10.3-2021.10.win32_1.0.0.202111181127/tools/bin/../lib/gcc/arm-none-eabi/10.3.1/../../../../arm-none-eabi/lib/thumb/v6-m/nofp\libc_nano.a(lib_a-init.o)
 .ARM.attributes
                0x000000000000045f       0x2c d:/programs/programming/stm32cube/stm32cubeide_1.10.1/stm32cubeide/plugins/com.st.stm32cube.ide.mcu.externaltools.gnu-tools-for-stm32.10.3-2021.10.win32_1.0.0.202111181127/tools/bin/../lib/gcc/arm-none-eabi/10.3.1/../../../../arm-none-eabi/lib/thumb/v6-m/nofp\libc_nano.a(lib_a-memset.o)
 .ARM.attributes
                0x000000000000048b       0x2c d:/programs/programming/stm32cube/stm32cubeide_1.10.1/stm32cubeide/plugins/com.st.stm32cube.ide.mcu.externaltools.gnu-tools-for-stm32.10.3-2021.10.win32_1.0.0.202111181127/tools/bin/../lib/gcc/arm-none-eabi/10.3.1/../../../../arm-none-eabi/lib/thumb/v6-m/nofp\libc_nano.a(lib_a-printf.o)
 .ARM.attributes
                0x00000000000004b7       0x2c d:/programs/programming/stm32cube/stm32cubeide_1.10.1/stm32cubeide/plugins/com.st.stm32cube.ide.mcu.externaltools.gnu-tools-for-stm32.10.3-2021.10.win32_1.0.0.202111181127/tools/bin/../lib/gcc/arm-none-eabi/10.3.1/../../../../arm-none-eabi/lib/thumb/v6-m/nofp\libc_nano.a(lib_a-puts.o)
 .ARM.attributes
                0x00000000000004e3       0x2c d:/programs/programming/stm32cube/stm32cubeide_1.10.1/stm32cubeide/plugins/com.st.stm32cube.ide.mcu.externaltools.gnu-tools-for-stm32.10.3-2021.10.win32_1.0.0.202111181127/tools/bin/../lib/gcc/arm-none-eabi/10.3.1/../../../../arm-none-eabi/lib/thumb/v6-m/nofp\libc_nano.a(lib_a-wbuf.o)
 .ARM.attributes
                0x000000000000050f       0x2c d:/programs/programming/stm32cube/stm32cubeide_1.10.1/stm32cubeide/plugins/com.st.stm32cube.ide.mcu.externaltools.gnu-tools-for-stm32.10.3-2021.10.win32_1.0.0.202111181127/tools/bin/../lib/gcc/arm-none-eabi/10.3.1/../../../../arm-none-eabi/lib/thumb/v6-m/nofp\libc_nano.a(lib_a-wsetup.o)
 .ARM.attributes
                0x000000000000053b       0x2c d:/programs/programming/stm32cube/stm32cubeide_1.10.1/stm32cubeide/plugins/com.st.stm32cube.ide.mcu.externaltools.gnu-tools-for-stm32.10.3-2021.10.win32_1.0.0.202111181127/tools/bin/../lib/gcc/arm-none-eabi/10.3.1/../../../../arm-none-eabi/lib/thumb/v6-m/nofp\libc_nano.a(lib_a-fflush.o)
 .ARM.attributes
                0x0000000000000567       0x2c d:/programs/programming/stm32cube/stm32cubeide_1.10.1/stm32cubeide/plugins/com.st.stm32cube.ide.mcu.externaltools.gnu-tools-for-stm32.10.3-2021.10.win32_1.0.0.202111181127/tools/bin/../lib/gcc/arm-none-eabi/10.3.1/../../../../arm-none-eabi/lib/thumb/v6-m/nofp\libc_nano.a(lib_a-findfp.o)
 .ARM.attributes
                0x0000000000000593       0x2c d:/programs/programming/stm32cube/stm32cubeide_1.10.1/stm32cubeide/plugins/com.st.stm32cube.ide.mcu.externaltools.gnu-tools-for-stm32.10.3-2021.10.win32_1.0.0.202111181127/tools/bin/../lib/gcc/arm-none-eabi/10.3.1/../../../../arm-none-eabi/lib/thumb/v6-m/nofp\libc_nano.a(lib_a-fwalk.o)
 .ARM.attributes
                0x00000000000005bf       0x2c d:/programs/programming/stm32cube/stm32cubeide_1.10.1/stm32cubeide/plugins/com.st.stm32cube.ide.mcu.externaltools.gnu-tools-for-stm32.10.3-2021.10.win32_1.0.0.202111181127/tools/bin/../lib/gcc/arm-none-eabi/10.3.1/../../../../arm-none-eabi/lib/thumb/v6-m/nofp\libc_nano.a(lib_a-lock.o)
 .ARM.attributes
                0x00000000000005eb       0x2c d:/programs/programming/stm32cube/stm32cubeide_1.10.1/stm32cubeide/plugins/com.st.stm32cube.ide.mcu.externaltools.gnu-tools-for-stm32.10.3-2021.10.win32_1.0.0.202111181127/tools/bin/../lib/gcc/arm-none-eabi/10.3.1/../../../../arm-none-eabi/lib/thumb/v6-m/nofp\libc_nano.a(lib_a-makebuf.o)
 .ARM.attributes
                0x0000000000000617       0x2c d:/programs/programming/stm32cube/stm32cubeide_1.10.1/stm32cubeide/plugins/com.st.stm32cube.ide.mcu.externaltools.gnu-tools-for-stm32.10.3-2021.10.win32_1.0.0.202111181127/tools/bin/../lib/gcc/arm-none-eabi/10.3.1/../../../../arm-none-eabi/lib/thumb/v6-m/nofp\libc_nano.a(lib_a-nano-freer.o)
 .ARM.attributes
                0x0000000000000643       0x2c d:/programs/programming/stm32cube/stm32cubeide_1.10.1/stm32cubeide/plugins/com.st.stm32cube.ide.mcu.externaltools.gnu-tools-for-stm32.10.3-2021.10.win32_1.0.0.202111181127/tools/bin/../lib/gcc/arm-none-eabi/10.3.1/../../../../arm-none-eabi/lib/thumb/v6-m/nofp\libc_nano.a(lib_a-nano-mallocr.o)
 .ARM.attributes
                0x000000000000066f       0x2c d:/programs/programming/stm32cube/stm32cubeide_1.10.1/stm32cubeide/plugins/com.st.stm32cube.ide.mcu.externaltools.gnu-tools-for-stm32.10.3-2021.10.win32_1.0.0.202111181127/tools/bin/../lib/gcc/arm-none-eabi/10.3.1/../../../../arm-none-eabi/lib/thumb/v6-m/nofp\libc_nano.a(lib_a-nano-vfprintf.o)
 .ARM.attributes
                0x000000000000069b       0x2c d:/programs/programming/stm32cube/stm32cubeide_1.10.1/stm32cubeide/plugins/com.st.stm32cube.ide.mcu.externaltools.gnu-tools-for-stm32.10.3-2021.10.win32_1.0.0.202111181127/tools/bin/../lib/gcc/arm-none-eabi/10.3.1/../../../../arm-none-eabi/lib/thumb/v6-m/nofp\libc_nano.a(lib_a-nano-vfprintf_i.o)
 .ARM.attributes
                0x00000000000006c7       0x2c d:/programs/programming/stm32cube/stm32cubeide_1.10.1/stm32cubeide/plugins/com.st.stm32cube.ide.mcu.externaltools.gnu-tools-for-stm32.10.3-2021.10.win32_1.0.0.202111181127/tools/bin/../lib/gcc/arm-none-eabi/10.3.1/../../../../arm-none-eabi/lib/thumb/v6-m/nofp\libc_nano.a(lib_a-sbrkr.o)
 .ARM.attributes
                0x00000000000006f3       0x2c d:/programs/programming/stm32cube/stm32cubeide_1.10.1/stm32cubeide/plugins/com.st.stm32cube.ide.mcu.externaltools.gnu-tools-for-stm32.10.3-2021.10.win32_1.0.0.202111181127/tools/bin/../lib/gcc/arm-none-eabi/10.3.1/../../../../arm-none-eabi/lib/thumb/v6-m/nofp\libc_nano.a(lib_a-stdio.o)
 .ARM.attributes
                0x000000000000071f       0x2c d:/programs/programming/stm32cube/stm32cubeide_1.10.1/stm32cubeide/plugins/com.st.stm32cube.ide.mcu.externaltools.gnu-tools-for-stm32.10.3-2021.10.win32_1.0.0.202111181127/tools/bin/../lib/gcc/arm-none-eabi/10.3.1/../../../../arm-none-eabi/lib/thumb/v6-m/nofp\libc_nano.a(lib_a-writer.o)
 .ARM.attributes
                0x000000000000074b       0x2c d:/programs/programming/stm32cube/stm32cubeide_1.10.1/stm32cubeide/plugins/com.st.stm32cube.ide.mcu.externaltools.gnu-tools-for-stm32.10.3-2021.10.win32_1.0.0.202111181127/tools/bin/../lib/gcc/arm-none-eabi/10.3.1/../../../../arm-none-eabi/lib/thumb/v6-m/nofp\libc_nano.a(lib_a-closer.o)
 .ARM.attributes
                0x0000000000000777       0x2c d:/programs/programming/stm32cube/stm32cubeide_1.10.1/stm32cubeide/plugins/com.st.stm32cube.ide.mcu.externaltools.gnu-tools-for-stm32.10.3-2021.10.win32_1.0.0.202111181127/tools/bin/../lib/gcc/arm-none-eabi/10.3.1/../../../../arm-none-eabi/lib/thumb/v6-m/nofp\libc_nano.a(lib_a-fstatr.o)
 .ARM.attributes
                0x00000000000007a3       0x2c d:/programs/programming/stm32cube/stm32cubeide_1.10.1/stm32cubeide/plugins/com.st.stm32cube.ide.mcu.externaltools.gnu-tools-for-stm32.10.3-2021.10.win32_1.0.0.202111181127/tools/bin/../lib/gcc/arm-none-eabi/10.3.1/../../../../arm-none-eabi/lib/thumb/v6-m/nofp\libc_nano.a(lib_a-isattyr.o)
 .ARM.attributes
                0x00000000000007cf       0x2c d:/programs/programming/stm32cube/stm32cubeide_1.10.1/stm32cubeide/plugins/com.st.stm32cube.ide.mcu.externaltools.gnu-tools-for-stm32.10.3-2021.10.win32_1.0.0.202111181127/tools/bin/../lib/gcc/arm-none-eabi/10.3.1/../../../../arm-none-eabi/lib/thumb/v6-m/nofp\libc_nano.a(lib_a-lseekr.o)
 .ARM.attributes
                0x00000000000007fb       0x2c d:/programs/programming/stm32cube/stm32cubeide_1.10.1/stm32cubeide/plugins/com.st.stm32cube.ide.mcu.externaltools.gnu-tools-for-stm32.10.3-2021.10.win32_1.0.0.202111181127/tools/bin/../lib/gcc/arm-none-eabi/10.3.1/../../../../arm-none-eabi/lib/thumb/v6-m/nofp\libc_nano.a(lib_a-memchr-stub.o)
 .ARM.attributes
                0x0000000000000827       0x2c d:/programs/programming/stm32cube/stm32cubeide_1.10.1/stm32cubeide/plugins/com.st.stm32cube.ide.mcu.externaltools.gnu-tools-for-stm32.10.3-2021.10.win32_1.0.0.202111181127/tools/bin/../lib/gcc/arm-none-eabi/10.3.1/../../../../arm-none-eabi/lib/thumb/v6-m/nofp\libc_nano.a(lib_a-mlock.o)
 .ARM.attributes
                0x0000000000000853       0x2c d:/programs/programming/stm32cube/stm32cubeide_1.10.1/stm32cubeide/plugins/com.st.stm32cube.ide.mcu.externaltools.gnu-tools-for-stm32.10.3-2021.10.win32_1.0.0.202111181127/tools/bin/../lib/gcc/arm-none-eabi/10.3.1/../../../../arm-none-eabi/lib/thumb/v6-m/nofp\libc_nano.a(lib_a-readr.o)
 .ARM.attributes
                0x000000000000087f       0x2c d:/programs/programming/stm32cube/stm32cubeide_1.10.1/stm32cubeide/plugins/com.st.stm32cube.ide.mcu.externaltools.gnu-tools-for-stm32.10.3-2021.10.win32_1.0.0.202111181127/tools/bin/../lib/gcc/arm-none-eabi/10.3.1/../../../../arm-none-eabi/lib/thumb/v6-m/nofp\libc_nano.a(lib_a-reent.o)
 .ARM.attributes
                0x00000000000008ab       0x1e d:/programs/programming/stm32cube/stm32cubeide_1.10.1/stm32cubeide/plugins/com.st.stm32cube.ide.mcu.externaltools.gnu-tools-for-stm32.10.3-2021.10.win32_1.0.0.202111181127/tools/bin/../lib/gcc/arm-none-eabi/10.3.1/thumb/v6-m/nofp\libgcc.a(_thumb1_case_shi.o)
 .ARM.attributes
                0x00000000000008c9       0x1e d:/programs/programming/stm32cube/stm32cubeide_1.10.1/stm32cubeide/plugins/com.st.stm32cube.ide.mcu.externaltools.gnu-tools-for-stm32.10.3-2021.10.win32_1.0.0.202111181127/tools/bin/../lib/gcc/arm-none-eabi/10.3.1/thumb/v6-m/nofp\libgcc.a(_udivsi3.o)
 .ARM.attributes
                0x00000000000008e7       0x1e d:/programs/programming/stm32cube/stm32cubeide_1.10.1/stm32cubeide/plugins/com.st.stm32cube.ide.mcu.externaltools.gnu-tools-for-stm32.10.3-2021.10.win32_1.0.0.202111181127/tools/bin/../lib/gcc/arm-none-eabi/10.3.1/thumb/v6-m/nofp\libgcc.a(_dvmd_tls.o)
 .ARM.attributes
                0x0000000000000905       0x1e d:/programs/programming/stm32cube/stm32cubeide_1.10.1/stm32cubeide/plugins/com.st.stm32cube.ide.mcu.externaltools.gnu-tools-for-stm32.10.3-2021.10.win32_1.0.0.202111181127/tools/bin/../lib/gcc/arm-none-eabi/10.3.1/thumb/v6-m/nofp/crtn.o
OUTPUT(cortex-m0_project.elf elf32-littlearm)
LOAD linker stubs
LOAD d:/programs/programming/stm32cube/stm32cubeide_1.10.1/stm32cubeide/plugins/com.st.stm32cube.ide.mcu.externaltools.gnu-tools-for-stm32.10.3-2021.10.win32_1.0.0.202111181127/tools/bin/../lib/gcc/arm-none-eabi/10.3.1/../../../../arm-none-eabi/lib/thumb/v6-m/nofp\libc.a
LOAD d:/programs/programming/stm32cube/stm32cubeide_1.10.1/stm32cubeide/plugins/com.st.stm32cube.ide.mcu.externaltools.gnu-tools-for-stm32.10.3-2021.10.win32_1.0.0.202111181127/tools/bin/../lib/gcc/arm-none-eabi/10.3.1/../../../../arm-none-eabi/lib/thumb/v6-m/nofp\libm.a
LOAD d:/programs/programming/stm32cube/stm32cubeide_1.10.1/stm32cubeide/plugins/com.st.stm32cube.ide.mcu.externaltools.gnu-tools-for-stm32.10.3-2021.10.win32_1.0.0.202111181127/tools/bin/../lib/gcc/arm-none-eabi/10.3.1/thumb/v6-m/nofp\libgcc.a

.debug_info     0x0000000000000000    0x1238c
 .debug_info    0x0000000000000000     0x19e3 ./Core/Src/main.o
 .debug_info    0x00000000000019e3     0x1141 ./Core/Src/stm32f0xx_hal_msp.o
 .debug_info    0x0000000000002b24      0xd92 ./Core/Src/stm32f0xx_it.o
 .debug_info    0x00000000000038b6      0x6e0 ./Core/Src/syscalls.o
 .debug_info    0x0000000000003f96      0x171 ./Core/Src/sysmem.o
 .debug_info    0x0000000000004107      0x269 ./Core/Src/system_stm32f0xx.o
 .debug_info    0x0000000000004370       0x22 ./Core/Startup/startup_stm32f030r8tx.o
 .debug_info    0x0000000000004392      0x6bb ./Drivers/STM32F0xx_HAL_Driver/Src/stm32f0xx_hal.o
 .debug_info    0x0000000000004a4d      0x6f9 ./Drivers/STM32F0xx_HAL_Driver/Src/stm32f0xx_hal_cortex.o
 .debug_info    0x0000000000005146      0x752 ./Drivers/STM32F0xx_HAL_Driver/Src/stm32f0xx_hal_dma.o
 .debug_info    0x0000000000005898      0x613 ./Drivers/STM32F0xx_HAL_Driver/Src/stm32f0xx_hal_gpio.o
 .debug_info    0x0000000000005eab      0x888 ./Drivers/STM32F0xx_HAL_Driver/Src/stm32f0xx_hal_rcc.o
 .debug_info    0x0000000000006733      0x37b ./Drivers/STM32F0xx_HAL_Driver/Src/stm32f0xx_hal_rcc_ex.o
 .debug_info    0x0000000000006aae     0x1769 ./Drivers/STM32F0xx_HAL_Driver/Src/stm32f0xx_hal_spi.o
 .debug_info    0x0000000000008217     0x2b69 ./Drivers/STM32F0xx_HAL_Driver/Src/stm32f0xx_hal_tim.o
 .debug_info    0x000000000000ad80     0x158e ./Drivers/STM32F0xx_HAL_Driver/Src/stm32f0xx_hal_tim_ex.o
 .debug_info    0x000000000000c30e     0x3b92 ./Drivers/STM32F0xx_HAL_Driver/Src/stm32f0xx_hal_uart.o
 .debug_info    0x000000000000fea0      0x586 ./Libs/WIZnet/Ethernet/W5500/w5500.o
 .debug_info    0x0000000000010426      0x78a ./Libs/WIZnet/Ethernet/socket.o
 .debug_info    0x0000000000010bb0      0xd36 ./Libs/WIZnet/Ethernet/wizchip_conf.o
 .debug_info    0x00000000000118e6      0xaa6 ./Libs/WIZnet/Internet/DHCP/dhcp.o

.debug_abbrev   0x0000000000000000     0x29e3
 .debug_abbrev  0x0000000000000000      0x354 ./Core/Src/main.o
 .debug_abbrev  0x0000000000000354      0x1f2 ./Core/Src/stm32f0xx_hal_msp.o
 .debug_abbrev  0x0000000000000546      0x1d5 ./Core/Src/stm32f0xx_it.o
 .debug_abbrev  0x000000000000071b      0x1b3 ./Core/Src/syscalls.o
 .debug_abbrev  0x00000000000008ce       0xbb ./Core/Src/sysmem.o
 .debug_abbrev  0x0000000000000989      0x116 ./Core/Src/system_stm32f0xx.o
 .debug_abbrev  0x0000000000000a9f       0x12 ./Core/Startup/startup_stm32f030r8tx.o
 .debug_abbrev  0x0000000000000ab1      0x23f ./Drivers/STM32F0xx_HAL_Driver/Src/stm32f0xx_hal.o
 .debug_abbrev  0x0000000000000cf0      0x283 ./Drivers/STM32F0xx_HAL_Driver/Src/stm32f0xx_hal_cortex.o
 .debug_abbrev  0x0000000000000f73      0x1e9 ./Drivers/STM32F0xx_HAL_Driver/Src/stm32f0xx_hal_dma.o
 .debug_abbrev  0x000000000000115c      0x1bb ./Drivers/STM32F0xx_HAL_Driver/Src/stm32f0xx_hal_gpio.o
 .debug_abbrev  0x0000000000001317      0x283 ./Drivers/STM32F0xx_HAL_Driver/Src/stm32f0xx_hal_rcc.o
 .debug_abbrev  0x000000000000159a      0x169 ./Drivers/STM32F0xx_HAL_Driver/Src/stm32f0xx_hal_rcc_ex.o
 .debug_abbrev  0x0000000000001703      0x254 ./Drivers/STM32F0xx_HAL_Driver/Src/stm32f0xx_hal_spi.o
 .debug_abbrev  0x0000000000001957      0x26e ./Drivers/STM32F0xx_HAL_Driver/Src/stm32f0xx_hal_tim.o
 .debug_abbrev  0x0000000000001bc5      0x276 ./Drivers/STM32F0xx_HAL_Driver/Src/stm32f0xx_hal_tim_ex.o
 .debug_abbrev  0x0000000000001e3b      0x2b6 ./Drivers/STM32F0xx_HAL_Driver/Src/stm32f0xx_hal_uart.o
 .debug_abbrev  0x00000000000020f1      0x211 ./Libs/WIZnet/Ethernet/W5500/w5500.o
 .debug_abbrev  0x0000000000002302      0x1ae ./Libs/WIZnet/Ethernet/socket.o
 .debug_abbrev  0x00000000000024b0      0x30a ./Libs/WIZnet/Ethernet/wizchip_conf.o
 .debug_abbrev  0x00000000000027ba      0x229 ./Libs/WIZnet/Internet/DHCP/dhcp.o

.debug_aranges  0x0000000000000000     0x11a8
 .debug_aranges
                0x0000000000000000       0xb0 ./Core/Src/main.o
 .debug_aranges