../Core/Src/main.c:99:5:main	40	static
../Core/Src/main.c:266:6:SystemClock_Config	96	static
../Core/Src/main.c:312:13:MX_SPI2_Init	8	static
../Core/Src/main.c:352:13:MX_TIM1_Init	32	static
../Core/Src/main.c:404:13:MX_TIM3_Init	32	static
../Core/Src/main.c:449:13:MX_USART1_UART_Init	8	static
../Core/Src/main.c:490:13:MX_GPIO_Init	56	static
../Core/Src/main.c:558:6:Wiznet_Init	56	static
../Core/Src/main.c:590:6:Wiznet_Select	8	static
../Core/Src/main.c:595:6:Wiznet_Unselect	8	static
../Core/Src/main.c:600:6:Wiznet_ReadBuff	24	static
../Core/Src/main.c:605:6:Wiznet_WriteBuff	24	static
../Core/Src/main.c:610:9:Wiznet_ReadByte	16	static
../Core/Src/main.c:617:6:Wiznet_WriteByte	16	static
../Core/Src/main.c:634:5:_write	24	static
../Core/Src/main.c:641:6:HAL_GPIO_EXTI_Callback	16	static
../Core/Src/main.c:653:6:HAL_TIM_PeriodElapsedCallback	16	static
../Core/Src/main.c:676:6:Error_Handler	8	static,ignoring_inline_asm
