../Core/Src/main.c:89:5:_write	24	static
../Core/Src/main.c:95:6:W5500_Select	8	static
../Core/Src/main.c:99:6:W5500_Unselect	8	static
../Core/Src/main.c:103:6:W5500_ReadBuff	24	static
../Core/Src/main.c:107:6:W5500_WriteBuff	24	static
../Core/Src/main.c:111:9:W5500_ReadByte	16	static
../Core/Src/main.c:117:6:W5500_WriteByte	16	static
../Core/Src/main.c:121:6:Callback_IPAssigned	8	static
../Core/Src/main.c:128:6:Callback_IPConflict	8	static
../Core/Src/main.c:140:5:main	160	static
../Core/Src/main.c:270:6:SystemClock_Config	96	static
../Core/Src/main.c:316:13:MX_SPI2_Init	8	static
../Core/Src/main.c:356:13:MX_TIM1_Init	32	static
../Core/Src/main.c:408:13:MX_TIM3_Init	32	static
../Core/Src/main.c:453:13:MX_USART1_UART_Init	8	static
../Core/Src/main.c:494:13:MX_GPIO_Init	56	static
../Core/Src/main.c:554:6:HAL_GPIO_EXTI_Callback	16	static
../Core/Src/main.c:565:6:HAL_TIM_PeriodElapsedCallback	24	static
../Core/Src/main.c:588:6:Error_Handler	8	static,ignoring_inline_asm
