../Core/Src/stm32f0xx_it.c:73:6:NMI_Handler	8	static
../Core/Src/stm32f0xx_it.c:88:6:HardFault_Handler	8	static
../Core/Src/stm32f0xx_it.c:103:6:SVC_Handler	8	static
../Core/Src/stm32f0xx_it.c:116:6:PendSV_Handler	8	static
../Core/Src/stm32f0xx_it.c:129:6:SysTick_Handler	8	static
../Core/Src/stm32f0xx_it.c:150:6:EXTI4_15_IRQHandler	8	static
../Core/Src/stm32f0xx_it.c:165:6:TIM1_BRK_UP_TRG_COM_IRQHandler	8	static
../Core/Src/stm32f0xx_it.c:179:6:TIM1_CC_IRQHandler	8	static
../Core/Src/stm32f0xx_it.c:193:6:TIM3_IRQHandler	8	static
../Core/Src/stm32f0xx_it.c:207:6:SPI2_IRQHandler	8	static
../Core/Src/stm32f0xx_it.c:221:6:USART1_IRQHandler	8	static
